I/APP     (  231): I 06/13/2012 05:13:49:805 000000f4           HttpServer| Process URI: '/app/index_erb.iseq'
I/APP     (  231): I 06/13/2012 05:13:49:807 000000f4                  APP| RHO serve_index: /app/index_erb.iseq
I/APP     (  231): I 06/13/2012 05:13:49:808 000000f4 RHO Rho::RhoController| inst_render_index
I/APP     (  231): I 06/13/2012 05:13:49:833 000000f4 RHO Rho::RhoController| index layout
I/APP     (  231): I 06/13/2012 05:13:51:748 000000e7     RhoWebViewClient| Loading URL: http://localhost:46661/app/Location
I/APP     (  231): I 06/13/2012 05:13:51:766 000000f4           HttpServer| Process URI: '/app/Location'
I/APP     (  231): I 06/13/2012 05:13:51:767 000000f4                  APP| RHO serve: /app/Location
I/APP     (  231): I 06/13/2012 05:13:51:799 000000f4                  APP| App error: undefined local variable or method `is_bb6' for #<LocationController:0x46ff89d8>
I/APP     (  231):  (eval):6:in `<compiled>'
I/APP     (  231): lib/rho/render.rb:154:in `eval_compiled_file'
I/APP     (  231): lib/rho/render.rb:154:in `render'
I/APP     (  231): apps/app/Location/location_controller.rb:10:in `index'
I/APP     (  231): lib/rho/rhocontroller.rb:91:in `serve'
I/APP     (  231): lib/rho/rhoapplication.rb:210:in `serve'
I/APP     (  231): lib/rho/rho.rb:829:in `serve'
I/APP     (  231): I 06/13/2012 05:13:58:013 000000f6                 Sync| addCommand: SyncAll
I/APP     (  231): I 06/13/2012 05:13:58:025 000000f4           HttpServer| Process URI: '/system/loadallsyncsources'
I/APP     (  231): I 06/13/2012 05:13:58:046 000000f6                 Sync| Sync server changes source ID :3
I/APP     (  231): I 06/13/2012 05:13:58:051 000000f6                 Sync| Pull changes from server. Url: http://192.168.0.159:9292/application?client_id=e77b7d5eda884862b021d879a83159fd&p_size=2000&version=3&source_name=Customer
I/APP     (  231): I 06/13/2012 05:13:58:053 000000f6                  Net| GET request (Pull): http://192.168.0.159:9292/application?client_id=e77b7d5eda884862b021d879a83159fd&p_size=2000&version=3&source_name=Customer
I/APP     (  231): E 06/13/2012 05:13:58:057 000000f6                  Net| Operation finished with error 7: Couldn't connect to server
I/APP     (  231): E 06/13/2012 05:13:58:058 000000f6                  Net|   CURLNetRequest: METHOD = [GET] URL = [http://192.168.0.159:9292/application?client_id=e77b7d5eda884862b021d879a83159fd&p_size=2000&version=3&source_name=Customer] BODY = []
I/APP     (  231): E 06/13/2012 05:13:58:062 000000f6        RhodesService| PING network FAILED.
I/APP     (  231): I 06/13/2012 05:13:58:070 000000f6                 Sync| ThreadQueue blocked for 300 seconds...
I/vold    (   27): Android Volume Daemon version 2.0
I/DEBUG   (   28): debuggerd: Dec 18 2009 16:42:51
D/qemud   (   35): entering main loop
I/vold    (   27): New MMC card 'SU02G' (serial 1012966) added @ /devices/platform/goldfish_mmc.0/mmc_host/mmc0/mmc0:e118
I/vold    (   27): Disk (blkdev 179:0), 65536 secs (32 MB) 0 partitions
I/vold    (   27): New blkdev 179.0 on media SU02G, media path /devices/platform/goldfish_mmc.0/mmc_host/mmc0/mmc0:e118, Dpp 0
I/vold    (   27): Evaluating dev '/devices/platform/goldfish_mmc.0/mmc_host/mmc0/mmc0:e118/block/mmcblk0' for mountable filesystems for '/sdcard'
I/vold    (   27): Aborting start of /sdcard (bootstrap = 1)
I/vold    (   27): Volmgr not ready to handle device
E/vold    (   27): Error opening switch name path '/sys/class/switch/test' (No such file or directory)
E/vold    (   27): Error bootstrapping switch '/sys/class/switch/test' (No such file or directory)
E/vold    (   27): Error opening switch name path '/sys/class/switch/test2' (No such file or directory)
E/vold    (   27): Error bootstrapping switch '/sys/class/switch/test2' (No such file or directory)
D/vold    (   27): Bootstrapping complete
D/qemud   (   35): fdhandler_accept_event: accepting on fd 10
D/qemud   (   35): created client 0xe078 listening on fd 8
D/qemud   (   35): client_fd_receive: attempting registration for service 'boot-properties'
D/qemud   (   35): client_fd_receive:    -> received channel id 1
D/qemud   (   35): client_registration: registration succeeded for client 1
I/qemu-props(   45): connected to 'boot-properties' qemud service.
I/qemu-props(   45): received: dalvik.vm.heapsize=24m
I/qemu-props(   45): received: qemu.sf.lcd_density=240
I/qemu-props(   45): received: qemu.hw.mainkeys=1
I/qemu-props(   45): received: qemu.sf.fake_camera=back
I/qemu-props(   45): received: 
I/qemu-props(   45): invalid format, ignored.
D/AndroidRuntime(   30): 
D/AndroidRuntime(   30): >>>>>>>>>>>>>> AndroidRuntime START <<<<<<<<<<<<<<
D/AndroidRuntime(   30): CheckJNI is ON
I/        (   31): ServiceManager: 0xad08
D/AudioHardwareInterface(   31): setMode(NORMAL)
I/CameraService(   31): CameraService started: pid=31
I/AudioFlinger(   31): AudioFlinger's thread 0xb388 ready to run
D/AndroidRuntime(   30): --- registering native functions ---
I/SamplingProfilerIntegration(   30): Profiler is disabled.
I/Zygote  (   30): Preloading classes...
D/dalvikvm(   30): GC freed 791 objects / 50432 bytes in 5ms
D/qemud   (   35): fdhandler_accept_event: accepting on fd 10
D/qemud   (   35): created client 0x12f38 listening on fd 11
D/qemud   (   35): fdhandler_event: disconnect on fd 11
D/qemud   (   35): fdhandler_accept_event: accepting on fd 10
D/qemud   (   35): created client 0x12f38 listening on fd 11
D/qemud   (   35): client_fd_receive: attempting registration for service 'gsm'
D/qemud   (   35): client_fd_receive:    -> received channel id 2
D/qemud   (   35): client_registration: registration succeeded for client 2
D/dalvikvm(   30): GC freed 251 objects / 16176 bytes in 3ms
D/dalvikvm(   30): GC freed 295 objects / 18776 bytes in 3ms
D/dalvikvm(   30): GC freed 214 objects / 13704 bytes in 3ms
D/dalvikvm(   30): GC freed 415 objects / 26544 bytes in 3ms
D/skia    (   30): ------ build_power_table 1.4
D/skia    (   30): ------ build_power_table 0.714286
D/dalvikvm(   30): GC freed 418 objects / 28656 bytes in 4ms
D/dalvikvm(   30): Trying to load lib /system/lib/libmedia_jni.so 0x0
D/dalvikvm(   30): Added shared lib /system/lib/libmedia_jni.so 0x0
D/dalvikvm(   30): Trying to load lib /system/lib/libexif.so 0x0
D/dalvikvm(   30): Added shared lib /system/lib/libexif.so 0x0
D/dalvikvm(   30): GC freed 2299 objects / 120896 bytes in 5ms
D/dalvikvm(   30): Trying to load lib /system/lib/libmedia_jni.so 0x0
D/dalvikvm(   30): Shared lib '/system/lib/libmedia_jni.so' already loaded in same CL 0x0
D/dalvikvm(   30): Trying to load lib /system/lib/libmedia_jni.so 0x0
D/dalvikvm(   30): Shared lib '/system/lib/libmedia_jni.so' already loaded in same CL 0x0
D/dalvikvm(   30): Trying to load lib /system/lib/libmedia_jni.so 0x0
D/dalvikvm(   30): Shared lib '/system/lib/libmedia_jni.so' already loaded in same CL 0x0
D/dalvikvm(   30): Trying to load lib /system/lib/libmedia_jni.so 0x0
D/dalvikvm(   30): Shared lib '/system/lib/libmedia_jni.so' already loaded in same CL 0x0
D/dalvikvm(   30): GC freed 3790 objects / 197016 bytes in 11ms
D/dalvikvm(   30): GC freed 461 objects / 26344 bytes in 10ms
D/dalvikvm(   30): GC freed 294 objects / 17032 bytes in 10ms
D/dalvikvm(   30): GC freed 204 objects / 11424 bytes in 11ms
D/dalvikvm(   30): GC freed 178 objects / 9568 bytes in 11ms
D/dalvikvm(   30): Trying to load lib /system/lib/libsrec_jni.so 0x0
D/dalvikvm(   30): Added shared lib /system/lib/libsrec_jni.so 0x0
D/dalvikvm(   30): Trying to load lib /system/lib/libsrec_jni.so 0x0
D/dalvikvm(   30): Shared lib '/system/lib/libsrec_jni.so' already loaded in same CL 0x0
D/dalvikvm(   30): GC freed 296 objects / 34728 bytes in 14ms
D/dalvikvm(   30): GC freed 787 objects / 47992 bytes in 18ms
D/dalvikvm(   30): GC freed 337 objects / 38432 bytes in 26ms
D/dalvikvm(   30): GC freed 418 objects / 25816 bytes in 23ms
D/dalvikvm(   30): Trying to load lib /system/lib/libwebcore.so 0x0
D/dalvikvm(   30): Added shared lib /system/lib/libwebcore.so 0x0
D/dalvikvm(   30): GC freed 432 objects / 25104 bytes in 20ms
D/dalvikvm(   30): GC freed 489 objects / 30704 bytes in 27ms
D/dalvikvm(   30): GC freed 349 objects / 28848 bytes in 19ms
D/dalvikvm(   30): GC freed 309 objects / 21808 bytes in 19ms
D/dalvikvm(   30): GC freed 915 objects / 80200 bytes in 22ms
D/dalvikvm(   30): GC freed 664 objects / 35856 bytes in 22ms
D/dalvikvm(   30): GC freed 709 objects / 41200 bytes in 22ms
D/dalvikvm(   30): GC freed 735 objects / 40512 bytes in 23ms
D/dalvikvm(   30): GC freed 14035 objects / 475232 bytes in 31ms
D/dalvikvm(   30): GC freed 10464 objects / 448264 bytes in 31ms
D/dalvikvm(   30): GC freed 10807 objects / 465304 bytes in 33ms
D/dalvikvm(   30): GC freed 7789 objects / 462536 bytes in 31ms
D/dalvikvm(   30): GC freed 7684 objects / 461928 bytes in 32ms
D/dalvikvm(   30): GC freed 8918 objects / 519744 bytes in 33ms
D/dalvikvm(   30): GC freed 6897 objects / 392936 bytes in 31ms
D/dalvikvm(   30): GC freed 847 objects / 51760 bytes in 29ms
D/dalvikvm(   30): GC freed 540 objects / 39096 bytes in 29ms
D/dalvikvm(   30): GC freed 460 objects / 31288 bytes in 29ms
D/dalvikvm(   30): GC freed 426 objects / 29560 bytes in 30ms
I/Zygote  (   30): ...preloaded 1942 classes in 5421ms.
D/dalvikvm(   30): GC freed 117 objects / 14912 bytes in 29ms
I/Zygote  (   30): Preloading resources...
D/dalvikvm(   30): GC freed 5 objects / 224 bytes in 28ms
W/Zygote  (   30): Preloaded drawable resource #0x1080093 (res/drawable-hdpi/sym_def_app_icon.png) that varies with configuration!!
W/Zygote  (   30): Preloaded drawable resource #0x1080002 (res/drawable-hdpi/arrow_down_float.png) that varies with configuration!!
W/Zygote  (   30): Preloaded drawable resource #0x10800b4 (res/drawable/btn_check.xml) that varies with configuration!!
W/Zygote  (   30): Preloaded drawable resource #0x10800b7 (res/drawable-hdpi/btn_check_label_background.9.png) that varies with configuration!!
W/Zygote  (   30): Preloaded drawable resource #0x10800b8 (res/drawable-hdpi/btn_check_off.png) that varies with configuration!!
W/Zygote  (   30): Preloaded drawable resource #0x10800bd (res/drawable-hdpi/btn_check_on.png) that varies with configuration!!
W/Zygote  (   30): Preloaded drawable resource #0x1080004 (res/drawable/btn_default.xml) that varies with configuration!!
W/Zygote  (   30): Preloaded drawable resource #0x1080005 (res/drawable/btn_default_small.xml) that varies with configuration!!
W/Zygote  (   30): Preloaded drawable resource #0x1080006 (res/drawable/btn_dropdown.xml) that varies with configuration!!
W/Zygote  (   30): Preloaded drawable resource #0x1080008 (res/drawable/btn_plus.xml) that varies with configuration!!
D/dalvikvm(   30): GC freed 261 objects / 16512 bytes in 30ms
W/Zygote  (   30): Preloaded drawable resource #0x1080007 (res/drawable/btn_minus.xml) that varies with configuration!!
W/Zygote  (   30): Preloaded drawable resource #0x1080009 (res/drawable/btn_radio.xml) that varies with configuration!!
W/Zygote  (   30): Preloaded drawable resource #0x108000a (res/drawable/btn_star.xml) that varies with configuration!!
D/dalvikvm(   30): GC freed 135 objects / 7408 bytes in 29ms
W/Zygote  (   30): Preloaded drawable resource #0x1080125 (res/drawable/btn_toggle.xml) that varies with configuration!!
W/Zygote  (   30): Preloaded drawable resource #0x1080187 (res/drawable-hdpi/ic_emergency.png) that varies with configuration!!
W/Zygote  (   30): Preloaded drawable resource #0x1080012 (res/drawable-hdpi/divider_horizontal_bright.9.png) that varies with configuration!!
W/Zygote  (   30): Preloaded drawable resource #0x1080014 (res/drawable-hdpi/divider_horizontal_dark.9.png) that varies with configuration!!
W/Zygote  (   30): Preloaded drawable resource #0x1080016 (res/drawable/edit_text.xml) that varies with configuration!!
W/Zygote  (   30): Preloaded drawable resource #0x1080161 (res/drawable/expander_group.xml) that varies with configuration!!
W/Zygote  (   30): Preloaded drawable resource #0x1080062 (res/drawable/list_selector_background.xml) that varies with configuration!!
W/Zygote  (   30): Preloaded drawable resource #0x1080217 (res/drawable-hdpi/menu_background.9.png) that varies with configuration!!
W/Zygote  (   30): Preloaded drawable resource #0x1080218 (res/drawable-hdpi/menu_background_fill_parent_width.9.png) that varies with configuration!!
D/dalvikvm(   30): GC freed 250 objects / 16088 bytes in 32ms
W/Zygote  (   30): Preloaded drawable resource #0x1080219 (res/drawable/menu_selector.xml) that varies with configuration!!
W/Zygote  (   30): Preloaded drawable resource #0x1080224 (res/drawable-hdpi/panel_background.9.png) that varies with configuration!!
W/Zygote  (   30): Preloaded drawable resource #0x108022e (res/drawable-hdpi/popup_bottom_bright.9.png) that varies with configuration!!
W/Zygote  (   30): Preloaded drawable resource #0x108022f (res/drawable-hdpi/popup_bottom_dark.9.png) that varies with configuration!!
W/Zygote  (   30): Preloaded drawable resource #0x1080230 (res/drawable-hdpi/popup_bottom_medium.9.png) that varies with configuration!!
W/Zygote  (   30): Preloaded drawable resource #0x1080231 (res/drawable-hdpi/popup_center_bright.9.png) that varies with configuration!!
W/Zygote  (   30): Preloaded drawable resource #0x1080232 (res/drawable-hdpi/popup_center_dark.9.png) that varies with configuration!!
W/Zygote  (   30): Preloaded drawable resource #0x1080235 (res/drawable-hdpi/popup_full_dark.9.png) that varies with configuration!!
W/Zygote  (   30): Preloaded drawable resource #0x1080238 (res/drawable-hdpi/popup_top_bright.9.png) that varies with configuration!!
W/Zygote  (   30): Preloaded drawable resource #0x1080239 (res/drawable-hdpi/popup_top_dark.9.png) that varies with configuration!!
W/Zygote  (   30): Preloaded drawable resource #0x108006d (res/drawable/progress_indeterminate_horizontal.xml) that varies with configuration!!
W/Zygote  (   30): Preloaded drawable resource #0x108023f (res/drawable/progress_small.xml) that varies with configuration!!
W/Zygote  (   30): Preloaded drawable resource #0x1080240 (res/drawable/progress_small_titlebar.xml) that varies with configuration!!
D/dalvikvm(   30): GC freed 188 objects / 15272 bytes in 30ms
W/Zygote  (   30): Preloaded drawable resource #0x1080262 (res/drawable-hdpi/scrollbar_handle_horizontal.9.png) that varies with configuration!!
W/Zygote  (   30): Preloaded drawable resource #0x1080263 (res/drawable-hdpi/scrollbar_handle_vertical.9.png) that varies with configuration!!
W/Zygote  (   30): Preloaded drawable resource #0x1080071 (res/drawable/spinner_dropdown_background.xml) that varies with configuration!!
W/Zygote  (   30): Preloaded drawable resource #0x1080326 (res/drawable-hdpi/title_bar_shadow.9.png) that varies with configuration!!
W/Zygote  (   30): Preloaded drawable resource #0x10801c6 (res/drawable-hdpi/indicator_code_lock_drag_direction_green_up.png) that varies with configuration!!
W/Zygote  (   30): Preloaded drawable resource #0x10801c7 (res/drawable-hdpi/indicator_code_lock_drag_direction_red_up.png) that varies with configuration!!
W/Zygote  (   30): Preloaded drawable resource #0x10801c8 (res/drawable-hdpi/indicator_code_lock_point_area_default.png) that varies with configuration!!
W/Zygote  (   30): Preloaded drawable resource #0x10801c9 (res/drawable-hdpi/indicator_code_lock_point_area_green.png) that varies with configuration!!
W/Zygote  (   30): Preloaded drawable resource #0x10801ca (res/drawable-hdpi/indicator_code_lock_point_area_red.png) that varies with configuration!!
I/Zygote  (   30): ...preloaded 48 resources in 614ms.
I/Zygote  (   30): ...preloaded 15 resources in 10ms.
D/dalvikvm(   30): GC freed 342 objects / 23128 bytes in 35ms
D/dalvikvm(   30): GC freed 160 objects / 6248 bytes in 29ms
D/dalvikvm(   30): GC freed 2 objects / 48 bytes in 34ms
I/dalvikvm(   30): Splitting out new zygote heap
I/dalvikvm(   30): System server process 53 has been created
I/Zygote  (   30): Accepting command socket connections
D/dalvikvm(   53): Trying to load lib /system/lib/libandroid_servers.so 0x0
D/dalvikvm(   53): Added shared lib /system/lib/libandroid_servers.so 0x0
E/BatteryService(   53): usbOnlinePath not found
E/BatteryService(   53): batteryVoltagePath not found
E/BatteryService(   53): batteryTemperaturePath not found
I/sysproc (   53): Entered system_init()
I/sysproc (   53): ServiceManager: 0x119d38
I/SurfaceFlinger(   53): SurfaceFlinger is starting
I/SurfaceFlinger(   53): SurfaceFlinger's main thread ready to run. Initializing graphics H/W...
E/SurfaceFlinger(   53): Couldn't open /sys/power/wait_for_fb_sleep or /sys/power/wait_for_fb_wake
I/gralloc (   53): using (fd=22)
I/gralloc (   53): id           = 
I/gralloc (   53): xres         = 480 px
I/gralloc (   53): yres         = 800 px
I/gralloc (   53): xres_virtual = 480 px
I/gralloc (   53): yres_virtual = 1600 px
I/gralloc (   53): bpp          = 16
I/gralloc (   53): r            = 11:5
I/gralloc (   53): g            =  5:6
I/gralloc (   53): b            =  0:5
I/gralloc (   53): width        = 74 mm (164.756760 dpi)
I/gralloc (   53): height       = 123 mm (165.203247 dpi)
I/gralloc (   53): refresh rate = 60.00 Hz
D/libEGL  (   53): egl.cfg not found, using default config
D/libEGL  (   53): loaded /system/lib/egl/libGLES_android.so
I/SurfaceFlinger(   53): EGL informations:
I/SurfaceFlinger(   53): # of configs : 8
I/SurfaceFlinger(   53): vendor    : Android
I/SurfaceFlinger(   53): version   : 1.4 Android META-EGL
I/SurfaceFlinger(   53): extensions: EGL_KHR_image EGL_KHR_image_base EGL_KHR_image_pixmap EGL_ANDROID_image_native_buffer EGL_ANDROID_swap_rectangle EGL_ANDROID_get_render_buffer 
I/SurfaceFlinger(   53): Client API: OpenGL ES
I/SurfaceFlinger(   53): EGLSurface: 5-6-5-0, config=0x1000000
I/SurfaceFlinger(   53): flags     : 001c0000
I/SurfaceFlinger(   53): OpenGL informations:
I/SurfaceFlinger(   53): vendor    : Android
I/SurfaceFlinger(   53): renderer  : Android PixelFlinger 1.2
I/SurfaceFlinger(   53): version   : OpenGL ES-CM 1.0
I/SurfaceFlinger(   53): extensions: GL_OES_byte_coordinates GL_OES_fixed_point GL_OES_single_precision GL_OES_read_format GL_OES_compressed_paletted_texture GL_OES_draw_texture GL_OES_matrix_get GL_OES_query_matrix GL_OES_EGL_image GL_ARB_texture_compression GL_ARB_texture_non_power_of_two GL_ANDROID_user_clip_plane GL_ANDROID_vertex_buffer_object GL_ANDROID_generate_mipmap 
I/sysproc (   53): System server: starting Android runtime.
I/sysproc (   53): System server: starting Android services.
I/SystemServer(   53): Entered the Android system server!
I/sysproc (   53): System server: entering thread pool.
I/SystemServer(   53): Entropy Service
I/SystemServer(   53): Power Manager
I/SystemServer(   53): Activity Manager
I/ActivityManager(   53): Memory class: 24
W/UsageStats(   53): Usage stats version changed; dropping
I/BootAnimation(   63): boot animation disabled
I/SystemServer(   53): Telephony Registry
I/SystemServer(   53): Package Manager
I/Installer(   53): connecting...
I/installd(   32): new connection
I/PackageManager(   53): Libs: android.test.runner:/system/framework/android.test.runner.jar javax.obex:/system/framework/javax.obex.jar com.google.android.maps:/system/framework/com.google.android.maps.jar com.google.android.gtalkservice:/system/framework/com.google.android.gtalkservice.jar
I/PackageManager(   53): Features: android.hardware.wifi android.hardware.location.network android.hardware.camera android.hardware.bluetooth android.hardware.location android.hardware.location.gps android.hardware.camera.autofocus android.hardware.touchscreen android.hardware.sensor.accelerometer android.hardware.sensor.compass android.software.live_wallpaper
D/dalvikvm(   53): GC freed 4396 objects / 217752 bytes in 61ms
W/PackageManager(   53): Running ENG build: no pre-dexopt!
D/PackageManager(   53): Scanning app dir /system/framework
D/PackageManager(   53): Scanning app dir /system/app
D/dalvikvm(   53): GC freed 5755 objects / 362912 bytes in 54ms
D/dalvikvm(   53): GC freed 4348 objects / 246152 bytes in 53ms
D/PackageManager(   53): Scanning app dir /data/app
D/dalvikvm(   53): GC freed 5364 objects / 284640 bytes in 55ms
W/PackageParser(   53): No actions in intent filter at /data/app/ApiDemos.apk Binary XML file line #1718
W/PackageParser(   53): No actions in intent filter at /data/app/ApiDemos.apk Binary XML file line #1724
W/PackageManager(   53): Package com.example.android.apis desires unavailable shared library com.example.will.never.exist; ignoring!
D/PackageManager(   53): Scanning app dir /data/app-private
I/PackageManager(   53): Time to scan packages: 1.35 seconds
W/PackageManager(   53): Unknown permission com.google.android.googleapps.permission.GOOGLE_AUTH.mail in package com.android.contacts
W/PackageManager(   53): Unknown permission android.permission.ADD_SYSTEM_SERVICE in package com.android.phone
W/PackageManager(   53): Unknown permission com.google.android.googleapps.permission.GOOGLE_AUTH in package com.android.browser
W/PackageManager(   53): Unknown permission com.google.android.providers.gmail.permission.WRITE_GMAIL in package com.android.settings
W/PackageManager(   53): Unknown permission com.google.android.providers.gmail.permission.READ_GMAIL in package com.android.settings
W/PackageManager(   53): Unknown permission com.google.android.googleapps.permission.GOOGLE_AUTH in package com.android.settings
W/PackageManager(   53): Unknown permission com.google.android.googleapps.permission.GOOGLE_AUTH in package com.android.providers.contacts
W/PackageManager(   53): Unknown permission com.google.android.googleapps.permission.GOOGLE_AUTH.cp in package com.android.providers.contacts
W/PackageManager(   53): Unknown permission com.google.android.googleapps.permission.GOOGLE_AUTH in package com.android.development
W/PackageManager(   53): Unknown permission com.google.android.googleapps.permission.GOOGLE_AUTH.ALL_SERVICES in package com.android.development
W/PackageManager(   53): Unknown permission com.google.android.googleapps.permission.GOOGLE_AUTH.YouTubeUser in package com.android.development
W/PackageManager(   53): Unknown permission com.google.android.googleapps.permission.ACCESS_GOOGLE_PASSWORD in package com.android.development
W/PackageManager(   53): Unknown permission com.google.android.googleapps.permission.GOOGLE_AUTH in package com.google.android.apps.maps
W/PackageManager(   53): Unknown permission com.google.android.googleapps.permission.GOOGLE_AUTH.local in package com.google.android.apps.maps
W/PackageManager(   53): Unknown permission com.android.providers.im.permission.READ_ONLY in package com.google.android.apps.maps
D/dalvikvm(   53): GC freed 2963 objects / 208920 bytes in 53ms
I/SystemServer(   53): Account Manager
W/ResourceType(   53): Resources don't contain package for resource number 0x7f0700e5
W/ResourceType(   53): Resources don't contain package for resource number 0x7f020031
W/ResourceType(   53): Resources don't contain package for resource number 0x7f020030
W/ResourceType(   53): Resources don't contain package for resource number 0x7f050000
I/SystemServer(   53): Content Manager
I/SyncManager(   53): No initial accounts
I/SyncManager(   53): No initial status
I/SyncManager(   53): No initial pending operations
I/SyncManager(   53): No initial statistics
I/SystemServer(   53): System Content Providers
I/ActivityThread(   53): Publishing provider settings: com.android.providers.settings.SettingsProvider
I/SystemServer(   53): Battery Service
I/SystemServer(   53): Hardware Service
D/qemud   (   35): fdhandler_accept_event: accepting on fd 10
D/qemud   (   35): created client 0x12f88 listening on fd 12
D/qemud   (   35): client_fd_receive: attempting registration for service 'hw-control'
D/qemud   (   35): client_fd_receive:    -> received channel id 3
D/qemud   (   35): client_registration: registration succeeded for client 3
I/SystemServer(   53): Alarm Manager
I/SystemServer(   53): Init Watchdog
I/SystemServer(   53): Sensor Service
D/qemud   (   35): fdhandler_accept_event: accepting on fd 10
D/qemud   (   35): created client 0xc038 listening on fd 13
D/qemud   (   35): client_fd_receive: attempting registration for service 'sensors'
D/qemud   (   35): client_fd_receive:    -> received channel id 4
D/qemud   (   35): client_registration: registration succeeded for client 4
D/qemud   (   35): fdhandler_event: disconnect on fd 13
I/SystemServer(   53): Window Manager
I/EventHub(   53): New keyboard: publicID=65536 device->id=0x10000 devname='qwerty2' propName='hw.keyboards.65536.devname' keylayout='/system/usr/keylayout/qwerty.kl'
I/EventHub(   53): New device: path=/dev/input/event0 name=qwerty2 id=0x10000 (of 0x1) index=1 fd=45 classes=0x2f
E/EventHub(   53): could not get driver version for /dev/input/mouse0, Not a typewriter
E/EventHub(   53): could not get driver version for /dev/input/mice, Not a typewriter
I/KeyInputQueue(   53): Device added: id=0x0, name=qwerty2, classes=2f
I/KeyInputQueue(   53):   X: min=0 max=479 flat=0 fuzz=0
I/KeyInputQueue(   53):   Y: min=0 max=799 flat=0 fuzz=0
I/KeyInputQueue(   53):   Pressure: unknown values
I/KeyInputQueue(   53):   Size: unknown values
I/KeyInputQueue(   53): No virtual keys found
D/qemud   (   35): fdhandler_accept_event: accepting on fd 10
D/qemud   (   35): created client 0xc038 listening on fd 13
D/qemud   (   35): client_fd_receive: attempting registration for service 'sensors'
D/qemud   (   35): client_fd_receive:    -> received channel id 5
D/qemud   (   35): client_registration: registration succeeded for client 5
D/qemud   (   35): fdhandler_event: disconnect on fd 13
D/SensorManager(   53): found sensor: Goldfish 3-axis Accelerometer, handle=0
D/qemud   (   35): fdhandler_accept_event: accepting on fd 10
D/qemud   (   35): created client 0xc038 listening on fd 13
D/qemud   (   35): client_fd_receive: attempting registration for service 'sensors'
D/qemud   (   35): client_fd_receive:    -> received channel id 6
D/qemud   (   35): client_registration: registration succeeded for client 6
D/qemud   (   35): fdhandler_event: disconnect on fd 13
D/SensorManager(   53): found sensor: Goldfish 3-axis Magnetic field sensor, handle=1
D/qemud   (   35): fdhandler_accept_event: accepting on fd 10
D/qemud   (   35): created client 0xc038 listening on fd 13
D/qemud   (   35): client_fd_receive: attempting registration for service 'sensors'
D/qemud   (   35): client_fd_receive:    -> received channel id 7
D/qemud   (   35): client_registration: registration succeeded for client 7
D/qemud   (   35): fdhandler_event: disconnect on fd 13
D/SensorManager(   53): found sensor: Goldfish Orientation sensor, handle=2
D/qemud   (   35): fdhandler_accept_event: accepting on fd 10
D/qemud   (   35): created client 0xc038 listening on fd 13
D/qemud   (   35): client_fd_receive: attempting registration for service 'sensors'
D/qemud   (   35): client_fd_receive:    -> received channel id 8
D/qemud   (   35): client_registration: registration succeeded for client 8
D/qemud   (   35): fdhandler_event: disconnect on fd 13
D/SensorManager(   53): found sensor: Goldfish Temperature sensor, handle=3
I/SystemServer(   53): Registering null Bluetooth Service (emulator)
E/System  (   53): Failure starting core service
E/System  (   53): java.lang.SecurityException
E/System  (   53): 	at android.os.BinderProxy.transact(Native Method)
E/System  (   53): 	at android.os.ServiceManagerProxy.addService(ServiceManagerNative.java:146)
E/System  (   53): 	at android.os.ServiceManager.addService(ServiceManager.java:72)
E/System  (   53): 	at com.android.server.ServerThread.run(SystemServer.java:176)
E/AndroidRuntime(   53): Crash logging skipped, no checkin service
I/SystemServer(   53): Status Bar
D/dalvikvm(   53): GC freed 2713 objects / 154448 bytes in 58ms
I/SystemServer(   53): Clipboard Service
I/SystemServer(   53): Input Method Service
W/ResourceType(   53): Resources don't contain package for resource number 0x7f060001
W/ResourceType(   53): Resources don't contain package for resource number 0x7f060000
I/InputManagerService(   53): Enabled input methods: com.android.inputmethod.latin/.LatinIME:jp.co.omronsoft.openwnn/.OpenWnnJAJP:com.android.inputmethod.pinyin/.PinyinIME
I/SystemServer(   53): NetStat Service
I/SystemServer(   53): Connectivity Service
V/ConnectivityService(   53): ConnectivityService starting up
V/ConnectivityService(   53): Starting Wifi Service.
I/WifiService(   53): WifiService starting up with Wi-Fi disabled
I/SystemServer(   53): Accessibility Manager
I/SystemServer(   53): Notification Manager
I/SystemServer(   53): Mount Service
I/SystemServer(   53): Device Storage Monitor
I/SystemServer(   53): Location Manager
I/SystemServer(   53): Search Service
I/SystemServer(   53): Checkin Service
W/ActivityManager(   53): Unable to start service Intent { cmp=com.google.android.server.checkin/.CheckinService }: not found
W/SystemServer(   53): Using fallback Checkin Service.
I/SystemServer(   53): Wallpaper Service
D/libhardware_legacy(   53): using QEMU GPS Hardware emulation
W/GpsLocationProvider(   53): Could not open GPS configuration file /etc/gps.conf
D/GpsLocationProvider(   53): enable
D/qemud   (   35): fdhandler_accept_event: accepting on fd 10
D/qemud   (   35): created client 0xc038 listening on fd 13
D/qemud   (   35): client_fd_receive: attempting registration for service 'gps'
D/qemud   (   35): client_fd_receive:    -> received channel id 9
I/SystemServer(   53): Audio Service
D/qemud   (   35): client_registration: registration succeeded for client 9
D/GpsLocationProvider(   53): GpsEventThread starting
D/dalvikvm(   53): Trying to load lib /system/lib/libsoundpool.so 0x0
D/dalvikvm(   53): Added shared lib /system/lib/libsoundpool.so 0x0
D/SoundPool(   53): error loading /system/media/audio/ui/Effect_Tick.ogg
W/AudioService(   53): Soundpool could not load file: /system/media/audio/ui/Effect_Tick.ogg
D/SoundPool(   53): error loading /system/media/audio/ui/KeypressStandard.ogg
W/AudioService(   53): Soundpool could not load file: /system/media/audio/ui/KeypressStandard.ogg
D/SoundPool(   53): error loading /system/media/audio/ui/KeypressSpacebar.ogg
W/AudioService(   53): Soundpool could not load file: /system/media/audio/ui/KeypressSpacebar.ogg
D/SoundPool(   53): error loading /system/media/audio/ui/KeypressDelete.ogg
W/AudioService(   53): Soundpool could not load file: /system/media/audio/ui/KeypressDelete.ogg
D/SoundPool(   53): error loading /system/media/audio/ui/KeypressReturn.ogg
W/AudioService(   53): Soundpool could not load file: /system/media/audio/ui/KeypressReturn.ogg
I/SystemServer(   53): Headset Observer
W/HeadsetObserver(   53): This kernel does not have wired headset support
I/SystemServer(   53): Dock Observer
W/DockObserver(   53): This kernel does not have dock station support
I/SystemServer(   53): Backup Service
W/ActivityManager(   53): Unable to start service Intent { cmp=com.google.android.backup/.BackupTransportService }: not found
I/BackupManagerService(   53): Found stale backup journal, scheduling:
I/BackupManagerService(   53):     + com.android.inputmethod.latin
I/BackupManagerService(   53):     + com.android.browser
I/BackupManagerService(   53):     + com.android.providers.userdictionary
I/BackupManagerService(   53):     + android
I/BackupManagerService(   53):     + com.android.providers.settings
I/BackupManagerService(   53): Backup enabled => false
I/SystemServer(   53): AppWidget Service
D/GpsLocationProvider(   53): NetworkThread starting
D/GpsLocationProvider(   53): NetworkThread wait for network
I/WindowManager(   53): SAFE MODE not enabled
I/ActivityManager(   53): Config changed: { scale=1.0 imsi=0/0 loc=en_US touch=3 keys=2/1/2 nav=3/1 orien=1 layout=34}
D/PowerManagerService(   53): system ready!
I/ActivityManager(   53): System now ready
I/SystemServer(   53): Making services ready
W/ResourceType(   53): Resources don't contain package for resource number 0x7f030003
W/ResourceType(   53): Resources don't contain package for resource number 0x7f030012
W/ResourceType(   53): Resources don't contain package for resource number 0x7f030000
W/ResourceType(   53): Resources don't contain package for resource number 0x7f030034
W/ResourceType(   53): Resources don't contain package for resource number 0x7f03000a
I/Zygote  (   53): Process: zygote socket opened
I/ActivityManager(   53): Start proc com.android.inputmethod.latin for service com.android.inputmethod.latin/.LatinIME: pid=91 uid=10001 gids={3003, 1015}
I/ActivityManager(   53): Start proc com.android.phone for added application com.android.phone: pid=92 uid=1001 gids={3002, 3001, 3003, 1015}
I/ActivityManager(   53): Starting activity: Intent { act=android.intent.action.MAIN cat=[android.intent.category.HOME] flg=0x10000000 cmp=com.android.launcher/.Launcher }
D/dalvikvm(   53): GC freed 4244 objects / 229080 bytes in 166ms
I/ActivityManager(   53): Start proc android.process.acore for activity com.android.launcher/.Launcher: pid=103 uid=10001 gids={3003, 1015}
W/StatusBar(   53): No icon ID for slot ime
D/dalvikvm(   91): Trying to load lib /system/lib/libjni_latinime.so 0x44bfd3b8
D/dalvikvm(   91): Added shared lib /system/lib/libjni_latinime.so 0x44bfd3b8
I/ActivityThread(   92): Publishing provider mms: com.android.providers.telephony.MmsProvider
I/ActivityThread(  103): Publishing provider com.android.globalsearch.stats: com.android.globalsearch.StatsProvider
I/ActivityThread(   92): Publishing provider sms: com.android.providers.telephony.SmsProvider
I/ActivityThread(   92): Publishing provider telephony: com.android.providers.telephony.TelephonyProvider
I/ActivityThread(   92): Publishing provider icc: com.android.phone.IccProvider
I/ActivityThread(   92): Publishing provider mms-sms: com.android.providers.telephony.MmsSmsProvider
D/dalvikvm(   53): GC freed 2157 objects / 110856 bytes in 93ms
I/ActivityThread(  103): Publishing provider com.android.social: com.android.providers.contacts.SocialProvider
I/ActivityManager(   53): Start proc com.android.settings for broadcast com.android.settings/.widget.SettingsAppWidgetProvider: pid=111 uid=1000 gids={3003, 3002, 3001}
I/ARMAssembler(   53): generated scanline__00000077:03545404_00000A04_00000000 [ 29 ipp] (51 ins) at [0x4591d0:0x45929c] in 3296996 ns
I/ActivityThread(  103): Publishing provider applications: com.android.providers.applications.ApplicationsProvider
D/dalvikvm(   53): GC freed 2030 objects / 121368 bytes in 123ms
D/PhoneApp(   92): mProximityWakeLock: null
D/dalvikvm(   53): GC freed 378 objects / 14120 bytes in 103ms
W/ActivityManager(   53): Unable to start service Intent { act=com.android.ussd.IExtendedNetworkService }: not found
D/PhoneApp(   92): Resetting audio state/mode: IDLE
I/ActivityThread(  103): Publishing provider com.android.globalsearch.SuggestionProvider: com.android.globalsearch.SuggestionProvider
D/AlarmManagerService(   53): Kernel timezone updated to 0 minutes west of GMT
D/SystemClock(   92): Setting time of day to sec=1339564684
I/ActivityManager(   53): Start proc com.android.alarmclock for broadcast com.android.alarmclock/.AlarmInitReceiver: pid=129 uid=10000 gids={}
W/SystemClock(   92): Unable to set rtc to 1339564684: Invalid argument
D/MobileDataStateTracker(   53): default Received state= DISCONNECTED, old= DISCONNECTED, reason= radioTurnedOff, apnTypeList= default
D/MobileDataStateTracker(   53): default Received state= DISCONNECTED, old= DISCONNECTED, reason= gprsDetached, apnTypeList= default
D/dalvikvm(   53): GREF has increased to 201
D/dalvikvm(   53): GC freed 1233 objects / 58024 bytes in 111ms
I/ActivityThread(  129): Publishing provider com.android.alarmclock: com.android.alarmclock.AlarmProvider
D/dalvikvm(   92): GC freed 3944 objects / 235640 bytes in 350ms
E/ActivityThread(   92): Failed to find provider info for android.server.checkin
W/Checkin (   92): Can't update stat PHONE_GSM_REGISTERED: java.lang.IllegalArgumentException: Unknown URL content://android.server.checkin/stats
I/ActivityThread(  103): Publishing provider com.android.launcher.settings: com.android.launcher.LauncherProvider
I/ActivityThread(  103): Publishing provider contacts;com.android.contacts: com.android.providers.contacts.ContactsProvider2
W/BackupManagerService(   53): dataChanged but no participant pkg='com.android.providers.settings' uid=10000
D/MobileDataStateTracker(   53): default Received state= DISCONNECTED, old= DISCONNECTED, reason= (unspecified), apnTypeList= default
D/MccTable(   92): updateMccMncConfiguration: mcc=310, mnc=260
D/MccTable(   92): locale set to en_us
D/MccTable(   92): WIFI_NUM_ALLOWED_CHANNESL set to 11
I/WifiService(   53): WifiService trying to setNumAllowed to 11 with persist set to false
I/ActivityManager(   53): Config changed: { scale=1.0 imsi=310/260 loc=en_US touch=3 keys=2/1/2 nav=3/1 orien=1 layout=34}
I/UsageStats(   53): Unexpected resume of com.android.launcher while already resumed in com.android.launcher
W/ResourceType(   53): Resources don't contain package for resource number 0x7f03000a
W/ResourceType(   53): Resources don't contain package for resource number 0x7f030034
W/ResourceType(   53): Resources don't contain package for resource number 0x7f030000
W/ResourceType(   53): Resources don't contain package for resource number 0x7f030012
W/ResourceType(   53): Resources don't contain package for resource number 0x7f030003
I/ARMAssembler(   53): generated scanline__00000177:03515104_00000A01_00000000 [ 55 ipp] (79 ins) at [0x488ba0:0x488cdc] in 828776 ns
D/TelephonyProvider(   92): Setting numeric '310260' to be the current operator
E/ActivityThread(   92): Failed to find provider info for android.server.checkin
W/Checkin (   92): Can't update stat PHONE_GPRS_ATTEMPTED: java.lang.IllegalArgumentException: Unknown URL content://android.server.checkin/stats
D/MobileDataStateTracker(   53): default Received state= CONNECTING, old= DISCONNECTED, reason= simLoaded, apnTypeList= *
D/NetworkStateTracker(   53): setDetailed state, old =IDLE and new state=CONNECTING
D/ConnectivityService(   53): ConnectivityChange for MOBILE: CONNECTING/CONNECTING
E/ActivityThread(   92): Failed to find provider info for android.server.checkin
W/Checkin (   92): Can't update stat PHONE_GPRS_CONNECTED: java.lang.IllegalArgumentException: Unknown URL content://android.server.checkin/stats
D/MobileDataStateTracker(   53): default Received state= CONNECTED, old= CONNECTING, reason= simLoaded, apnTypeList= *
D/MobileDataStateTracker(   53): CONNECTED event did not supply interface name.
D/NetworkStateTracker(   53): setDetailed state, old =CONNECTING and new state=CONNECTED
D/ConnectivityService(   53): ConnectivityChange for MOBILE: CONNECTED/CONNECTED
V/NetworkStateTracker(   53): Setting TCP values: [4094,87380,110208,4096,16384,110208] which comes from [net.tcp.buffersize.umts]
D/MobileDataStateTracker(   53): replacing old mInterfaceName (null) with null for mms
D/MobileDataStateTracker(   53): replacing old mInterfaceName (null) with null for supl
D/MobileDataStateTracker(   53): replacing old mInterfaceName (null) with null for dun
D/MobileDataStateTracker(   53): replacing old mInterfaceName (null) with null for hipri
D/ConnectivityService(   53): adding dns 10.0.2.3 for MOBILE
I/ActivityManager(   53): Start proc android.process.media for broadcast com.android.providers.downloads/.DownloadReceiver: pid=140 uid=10004 gids={1015, 1006, 2001, 3003}
D/GpsLocationProvider(   53): updateNetworkState available info: NetworkInfo: type: MOBILE[UMTS], state: CONNECTED/CONNECTED, reason: simLoaded, extra: internet, roaming: false, failover: false, isAvailable: true
D/GpsLocationProvider(   53): NetworkThread wait for 9223372036854775807ms
D/dalvikvm(  103): GC freed 3044 objects / 229040 bytes in 172ms
I/ActivityThread(  103): Publishing provider call_log: com.android.providers.contacts.CallLogProvider
I/ActivityThread(  103): Publishing provider user_dictionary: com.android.providers.userdictionary.UserDictionaryProvider
I/ActivityThread(  140): Publishing provider media: com.android.providers.media.MediaProvider
V/MediaProvider(  140): Attached volume: internal
I/ActivityThread(  140): Publishing provider downloads: com.android.providers.downloads.DownloadProvider
I/ActivityThread(  140): Publishing provider drm: com.android.providers.drm.DrmProvider
D/dalvikvm(  103): GC freed 1572 objects / 93792 bytes in 107ms
W/ContactAggregator(  103): No more aggregation requests
D/dalvikvm(  103): GC freed 340 objects / 25440 bytes in 41ms
D/dalvikvm(  103): GC freed 867 objects / 50024 bytes in 50ms
I/SurfaceFlinger(   53): Boot is finished (8483 ms)
D/OtaStartupReceiver(   92): Not a CDMA phone, no need to process OTA
D/PowerManagerService(   53): bootCompleted
D/qemud   (   35): fdhandler_accept_event: accepting on fd 10
D/qemud   (   35): created client 0xc088 listening on fd 14
D/qemud   (   35): client_fd_receive: attempting registration for service 'sensors'
D/qemud   (   35): client_fd_receive:    -> received channel id 10
D/qemud   (   35): client_registration: registration succeeded for client 10
D/vold    (   27): Accepted connection from framework
D/vold    (   27): dispatch_cmd(send_ums_status):
D/vold    (   27): dispatch_cmd(mount_volume:/sdcard):
I/vold    (   27): Evaluating dev '/devices/platform/goldfish_mmc.0/mmc_host/mmc0/mmc0:e118/block/mmcblk0' for mountable filesystems for '/sdcard'
D/MountListener(   53): handleEvent volume_unmounted:/sdcard
D/MountListener(   53): handleEvent ums_disabled
D/MountListener(   53): handleEvent ums_disconnected
D/MountListener(   53): handleEvent volume_checking:/sdcard
I//system/bin/fsck_msdos(   27): ** /dev/block//vold/179:0
D/MediaPlayer(   53): Couldn't open file on client side, trying server side
I//system/bin/fsck_msdos(   27): ** Phase 1 - Read and Compare FATs
I//system/bin/fsck_msdos(   27): Attempting to allocate 254 KB for FAT
W/BackupManagerService(   53): dataChanged but no participant pkg='com.android.providers.settings' uid=10000
E/MediaPlayerService(   31): Couldn't open fd for content://settings/system/notification_sound
E/MediaPlayer(   53): Unable to to create media player
W/NotificationService(   53): error loading sound for content://settings/system/notification_sound
W/NotificationService(   53): java.io.IOException: setDataSource failed.: status=0x80000000
W/NotificationService(   53): 	at android.media.MediaPlayer.setDataSource(Native Method)
W/NotificationService(   53): 	at android.media.MediaPlayer.setDataSource(MediaPlayer.java:699)
W/NotificationService(   53): 	at android.media.AsyncPlayer.startSound(AsyncPlayer.java:62)
W/NotificationService(   53): 	at android.media.AsyncPlayer.access$200(AsyncPlayer.java:33)
W/NotificationService(   53): 	at android.media.AsyncPlayer$Thread.run(AsyncPlayer.java:99)
W/BackupManagerService(   53): dataChanged but no participant pkg='com.android.providers.settings' uid=10000
I/ActivityManager(   53): Start proc com.android.email for broadcast com.android.email/com.android.exchange.BootReceiver: pid=160 uid=10008 gids={3003, 1015}
I//system/bin/fsck_msdos(   27): Attempting to allocate 254 KB for FAT
D/HomeLoaders(  103):   ----> items cloned, ready to refresh UI
I//system/bin/fsck_msdos(   27): ** Phase 2 - Check Cluster Chains
I//system/bin/fsck_msdos(   27): ** Phase 3 - Checking Directories
I//system/bin/fsck_msdos(   27): ** Phase 4 - Checking for Lost Files
I//system/bin/fsck_msdos(   27): 2 files, 32243 free (64486 clusters)
I/logwrapper(   27): /system/bin/fsck_msdos terminated by exit(0)
D/vold    (   27): Filesystem check completed OK
I/vold    (   27): Sucessfully mounted vfat filesystem 179:0 on /sdcard (safe-mode on)
D/MountListener(   53): handleEvent volume_mounted:/sdcard
W/NotificationService(   53): STOP command without a player
I/ActivityThread(  160): Publishing provider com.android.email.provider: com.android.email.provider.EmailProvider
I/ActivityThread(  160): Publishing provider com.android.email.attachmentprovider: com.android.email.provider.AttachmentProvider
D/Exchange(  160): BootReceiver onReceive
I/ActivityManager(   53): Start proc com.google.android.apps.maps:FriendService for broadcast com.google.android.apps.maps/com.google.googlenav.friend.android.ServiceReceiver: pid=172 uid=10013 gids={3003, 1015}
D/EAS SyncManager(  160): !!! EAS SyncManager, onCreate
D/EAS SyncManager(  160): !!! EAS SyncManager, onStartCommand
D/EAS SyncManager(  160): !!! EAS SyncManager, stopping self
I/ActivityManager(   53): Start proc com.android.mms for broadcast com.android.mms/.transaction.MmsSystemEventReceiver: pid=181 uid=10014 gids={3003, 1015}
D/dalvikvm(   30): GC freed 284 objects / 10880 bytes in 73ms
D/dalvikvm(   30): GC freed 50 objects / 2240 bytes in 77ms
D/dalvikvm(   30): GC freed 2 objects / 48 bytes in 63ms
D/dalvikvm(   53): GC freed 14093 objects / 736488 bytes in 143ms
D/NetworkLocationService(   53): onCreate
D/LocationManager(   53): Constructor: service = com.android.server.LocationManagerService@44cd4a80
E/ActivityThread(   53): Failed to find provider info for com.google.settings
E/ActivityThread(   53): Failed to find provider info for com.google.settings
D/Eas Debug(  160): Logging: 
D/EAS SyncManager(  160): !!! EAS SyncManager, onDestroy
D/MediaScannerService(  140): start scanning volume internal
D/NetworkLocationProvider(   53): updateNetworkState(): Updating network state to 2
D/NetworkLocationProvider(   53): onCellLocationChanged [0,0]
D/NetworkLocationProvider(   53): onDataConnectionStateChanged 3
D/MediaScanner(  140): opendir /system/media/ failed, errno: 2
D/MediaScanner(  140):  prescan time: 365ms
D/MediaScanner(  140):     scan time: 16ms
D/MediaScanner(  140): postscan time: 0ms
D/MediaScanner(  140):    total time: 381ms
D/MediaScannerService(  140): done scanning volume internal
D/MediaScannerService(  140): start scanning volume external
V/MediaProvider(  140): /sdcard volume ID: 301139725
D/dalvikvm(  103): GC freed 2339 objects / 124576 bytes in 75ms
V/MediaProvider(  140): Attached volume: external
V/MediaScanner(  140): pruneDeadThumbnailFiles... android.database.sqlite.SQLiteCursor@44c397f8
V/MediaScanner(  140): /pruneDeadThumbnailFiles... android.database.sqlite.SQLiteCursor@44c397f8
D/MediaScanner(  140):  prescan time: 72ms
D/MediaScanner(  140):     scan time: 2ms
D/MediaScanner(  140): postscan time: 19ms
D/MediaScanner(  140):    total time: 93ms
D/MediaScannerService(  140): done scanning volume external
D/AndroidRuntime(  205): 
D/AndroidRuntime(  205): >>>>>>>>>>>>>> AndroidRuntime START <<<<<<<<<<<<<<
D/AndroidRuntime(  205): CheckJNI is ON
D/AndroidRuntime(  205): --- registering native functions ---
D/PackageParser(   53): Scanning package: /data/app/vmdl16551.tmp
I/PackageManager(   53): Removing non-system package:com.rhomobile.contact
D/PackageManager(   53): Removing package com.rhomobile.contact
D/PackageManager(   53): Unregistered content provider: com.rhomobile.contact, className = com.rhomobile.rhodes.LocalFileProvider, isSyncable = false
D/PackageManager(   53):   Providers: com.rhomobile.rhodes.LocalFileProvider
D/PackageManager(   53):   Services: com.rhomobile.rhodes.RhodesService
D/PackageManager(   53):   Activities: com.rhomobile.rhodes.RhodesActivity com.rhomobile.rhodes.alert.PopupActivity com.rhomobile.rhodes.camera.FileList com.rhomobile.rhodes.camera.ImageCapture com.rhomobile.rhodes.signature.ImageCapture com.rhomobile.rhodes.datetime.DateTimePickerScreen com.rhomobile.rhodes.mapview.MapView com.rhomobile.rhodes.mapview.GoogleMapView com.rhomobile.rhodes.bluetooth.RhoBluetoothDeviceListActivity
D/PackageManager(   53): Scanning package com.rhomobile.contact
I/PackageManager(   53): /data/app/vmdl16551.tmp changed; unpacking
D/PackageManager(   53): Caching shared lib lib/armeabi/librhodes.so
D/installd(   32): DexInv: --- BEGIN '/data/app/vmdl16551.tmp' ---
D/dalvikvm(  211): DexOpt: load 71ms, verify 523ms, opt 15ms
D/installd(   32): DexInv: --- END '/data/app/vmdl16551.tmp' (success) ---
D/PackageManager(   53): Registered content provider: com.rhomobile.contact, className = com.rhomobile.rhodes.LocalFileProvider, isSyncable = false
D/PackageManager(   53):   Providers: com.rhomobile.rhodes.LocalFileProvider
D/PackageManager(   53):   Services: com.rhomobile.rhodes.RhodesService
D/PackageManager(   53):   Activities: com.rhomobile.rhodes.RhodesActivity com.rhomobile.rhodes.alert.PopupActivity com.rhomobile.rhodes.camera.FileList com.rhomobile.rhodes.camera.ImageCapture com.rhomobile.rhodes.signature.ImageCapture com.rhomobile.rhodes.datetime.DateTimePickerScreen com.rhomobile.rhodes.mapview.MapView com.rhomobile.rhodes.mapview.GoogleMapView com.rhomobile.rhodes.bluetooth.RhoBluetoothDeviceListActivity
D/ActivityManager(   53): Uninstalling process com.rhomobile.contact
I/installd(   32): move /data/dalvik-cache/data@app@vmdl16551.tmp@classes.dex -> /data/dalvik-cache/data@app@com.rhomobile.contact.apk@classes.dex
D/PackageManager(   53): New package installed in /data/app/com.rhomobile.contact.apk
D/AndroidRuntime(  205): Shutting down VM
D/dalvikvm(  205): DestroyJavaVM waiting for non-daemon threads to exit
D/dalvikvm(  205): DestroyJavaVM shutting VM down
D/dalvikvm(  205): HeapWorker thread shutting down
D/dalvikvm(  205): HeapWorker thread has shut down
D/jdwp    (  205): JDWP shutting down net...
I/jdwp    (  205): adbd disconnected
D/dalvikvm(  205): VM cleaning up
D/dalvikvm(  205): LinearAlloc 0x0 used 620804 of 5242880 (11%)
I/dalvikvm(  205): JNI: AttachCurrentThread (from ???.???)
E/AndroidRuntime(  205): ERROR: thread attach failed
D/ActivityManager(   53): Uninstalling process com.rhomobile.contact
W/ResourceType(   53): Resources don't contain package for resource number 0x7f0700e5
