W/ResourceType(   53): Resources don't contain package for resource number 0x7f020031
W/ResourceType(   53): Resources don't contain package for resource number 0x7f020030
W/ResourceType(   53): Resources don't contain package for resource number 0x7f050000
W/ResourceType(   53): Resources don't contain package for resource number 0x7f060001
W/ResourceType(   53): Resources don't contain package for resource number 0x7f060000
I/ActivityManager(   53): Start proc com.svox.pico for broadcast com.svox.pico/.VoiceDataInstallerReceiver: pid=216 uid=10019 gids={}
D/dalvikvm(  103): GC freed 1674 objects / 88488 bytes in 256ms
D/dalvikvm(   53): GC freed 18693 objects / 1217168 bytes in 300ms
W/ResourceType(   53): Resources don't contain package for resource number 0x7f0700e5
W/ResourceType(   53): Resources don't contain package for resource number 0x7f020031
W/ResourceType(   53): Resources don't contain package for resource number 0x7f020030
W/ResourceType(   53): Resources don't contain package for resource number 0x7f050000
W/ResourceType(   53): Resources don't contain package for resource number 0x7f060001
W/ResourceType(   53): Resources don't contain package for resource number 0x7f060000
D/AndroidRuntime(  219): 
D/AndroidRuntime(  219): >>>>>>>>>>>>>> AndroidRuntime START <<<<<<<<<<<<<<
D/AndroidRuntime(  219): CheckJNI is ON
D/AndroidRuntime(  219): --- registering native functions ---
I/ActivityManager(   53): Starting activity: Intent { act=android.intent.action.MAIN flg=0x10000000 cmp=com.rhomobile.contact/com.rhomobile.rhodes.RhodesActivity }
I/ActivityManager(   53): Start proc com.rhomobile.contact for activity com.rhomobile.contact/com.rhomobile.rhodes.RhodesActivity: pid=229 uid=10030 gids={3003}
D/AndroidRuntime(  219): Shutting down VM
D/dalvikvm(  219): DestroyJavaVM waiting for non-daemon threads to exit
D/dalvikvm(  219): DestroyJavaVM shutting VM down
D/dalvikvm(  219): HeapWorker thread shutting down
D/dalvikvm(  219): HeapWorker thread has shut down
D/jdwp    (  219): JDWP shutting down net...
I/jdwp    (  219): adbd disconnected
D/dalvikvm(  219): VM cleaning up
D/dalvikvm(  219): LinearAlloc 0x0 used 636388 of 5242880 (12%)
E/AndroidRuntime(  219): ERROR: thread attach failed
D/dalvikvm(  229): Trying to load lib /data/data/com.rhomobile.contact/lib/librhodes.so 0x44e83f88
D/dalvikvm(  229): Added shared lib /data/data/com.rhomobile.contact/lib/librhodes.so 0x44e83f88
I/ActivityThread(  229): Publishing provider com.rhomobile.contact: com.rhomobile.rhodes.LocalFileProvider
D/dalvikvm(  229): +++ not scanning '/system/lib/libwebcore.so' for 'T' (wrong CL)
D/dalvikvm(  229): +++ not scanning '/system/lib/libmedia_jni.so' for 'T' (wrong CL)
D/dalvikvm(  229): +++ not scanning '/system/lib/libexif.so' for 'T' (wrong CL)
D/dalvikvm(  229): +++ not scanning '/system/lib/libwebcore.so' for 'I' (wrong CL)
D/dalvikvm(  229): +++ not scanning '/system/lib/libmedia_jni.so' for 'I' (wrong CL)
D/dalvikvm(  229): +++ not scanning '/system/lib/libexif.so' for 'I' (wrong CL)
D/dalvikvm(  229): +++ not scanning '/system/lib/libwebcore.so' for 'isTitleEnabled' (wrong CL)
D/dalvikvm(  229): +++ not scanning '/system/lib/libmedia_jni.so' for 'isTitleEnabled' (wrong CL)
D/dalvikvm(  229): +++ not scanning '/system/lib/libexif.so' for 'isTitleEnabled' (wrong CL)
D/SplashScreen(  229): Can't load apps/app/loading.android.png
D/SplashScreen(  229): java.io.FileNotFoundException: apps/app/loading.android.png
D/SplashScreen(  229): 	at android.content.res.AssetManager.openAsset(Native Method)
D/SplashScreen(  229): 	at android.content.res.AssetManager.open(AssetManager.java:299)
D/SplashScreen(  229): 	at android.content.res.AssetManager.open(AssetManager.java:273)
D/SplashScreen(  229): 	at com.rhomobile.rhodes.mainview.SplashScreen.createHtmlView(SplashScreen.java:88)
D/SplashScreen(  229): 	at com.rhomobile.rhodes.mainview.SplashScreen.<init>(SplashScreen.java:74)
D/SplashScreen(  229): 	at com.rhomobile.rhodes.RhodesActivity.onCreate(RhodesActivity.java:161)
D/SplashScreen(  229): 	at android.app.Instrumentation.callActivityOnCreate(Instrumentation.java:1047)
D/SplashScreen(  229): 	at android.app.ActivityThread.performLaunchActivity(ActivityThread.java:2459)
D/SplashScreen(  229): 	at android.app.ActivityThread.handleLaunchActivity(ActivityThread.java:2512)
D/SplashScreen(  229): 	at android.app.ActivityThread.access$2200(ActivityThread.java:119)
D/SplashScreen(  229): 	at android.app.ActivityThread$H.handleMessage(ActivityThread.java:1863)
D/SplashScreen(  229): 	at android.os.Handler.dispatchMessage(Handler.java:99)
D/SplashScreen(  229): 	at android.os.Looper.loop(Looper.java:123)
D/SplashScreen(  229): 	at android.app.ActivityThread.main(ActivityThread.java:4363)
D/SplashScreen(  229): 	at java.lang.reflect.Method.invokeNative(Native Method)
D/SplashScreen(  229): 	at java.lang.reflect.Method.invoke(Method.java:521)
D/SplashScreen(  229): 	at com.android.internal.os.ZygoteInit$MethodAndArgsCaller.run(ZygoteInit.java:860)
D/SplashScreen(  229): 	at com.android.internal.os.ZygoteInit.main(ZygoteInit.java:618)
D/SplashScreen(  229): 	at dalvik.system.NativeStart.main(Native Method)
D/SplashScreen(  229): Can't load apps/app/loading.png
D/SplashScreen(  229): java.io.FileNotFoundException: apps/app/loading.png
D/SplashScreen(  229): 	at android.content.res.AssetManager.openAsset(Native Method)
D/SplashScreen(  229): 	at android.content.res.AssetManager.open(AssetManager.java:299)
D/SplashScreen(  229): 	at android.content.res.AssetManager.open(AssetManager.java:273)
D/SplashScreen(  229): 	at com.rhomobile.rhodes.mainview.SplashScreen.createHtmlView(SplashScreen.java:88)
D/SplashScreen(  229): 	at com.rhomobile.rhodes.mainview.SplashScreen.<init>(SplashScreen.java:74)
D/SplashScreen(  229): 	at com.rhomobile.rhodes.RhodesActivity.onCreate(RhodesActivity.java:161)
D/SplashScreen(  229): 	at android.app.Instrumentation.callActivityOnCreate(Instrumentation.java:1047)
D/SplashScreen(  229): 	at android.app.ActivityThread.performLaunchActivity(ActivityThread.java:2459)
D/SplashScreen(  229): 	at android.app.ActivityThread.handleLaunchActivity(ActivityThread.java:2512)
D/SplashScreen(  229): 	at android.app.ActivityThread.access$2200(ActivityThread.java:119)
D/SplashScreen(  229): 	at android.app.ActivityThread$H.handleMessage(ActivityThread.java:1863)
D/SplashScreen(  229): 	at android.os.Handler.dispatchMessage(Handler.java:99)
D/SplashScreen(  229): 	at android.os.Looper.loop(Looper.java:123)
D/SplashScreen(  229): 	at android.app.ActivityThread.main(ActivityThread.java:4363)
D/SplashScreen(  229): 	at java.lang.reflect.Method.invokeNative(Native Method)
D/SplashScreen(  229): 	at java.lang.reflect.Method.invoke(Method.java:521)
D/SplashScreen(  229): 	at com.android.internal.os.ZygoteInit$MethodAndArgsCaller.run(ZygoteInit.java:860)
D/SplashScreen(  229): 	at com.android.internal.os.ZygoteInit.main(ZygoteInit.java:618)
D/SplashScreen(  229): 	at dalvik.system.NativeStart.main(Native Method)
D/dalvikvm(  229): GC freed 2011 objects / 175040 bytes in 54ms
I/RhodesActivity(  229): >>>>>>>>>>>>>>> onCreate()
D/RhodesActivity(  229): RhodesActivity.onStart()
D/RhodesActivity(  229): RhodesActivity.onResume()
D/dalvikvm(  229): +++ not scanning '/system/lib/libwebcore.so' for 'initClassLoader' (wrong CL)
D/dalvikvm(  229): +++ not scanning '/system/lib/libmedia_jni.so' for 'initClassLoader' (wrong CL)
D/dalvikvm(  229): +++ not scanning '/system/lib/libexif.so' for 'initClassLoader' (wrong CL)
D/RhodesService(  229): Root path: null
D/RhoFileApi(  229): App root path: /data/data/com.rhomobile.contact/rhodata/
D/RhoFileApi(  229): Sqlite journals path: /data/data/com.rhomobile.contact/sqlite_stmt_journals/
D/dalvikvm(  229): +++ not scanning '/system/lib/libwebcore.so' for 'nativeInitPath' (wrong CL)
D/dalvikvm(  229): +++ not scanning '/system/lib/libmedia_jni.so' for 'nativeInitPath' (wrong CL)
D/dalvikvm(  229): +++ not scanning '/system/lib/libexif.so' for 'nativeInitPath' (wrong CL)
D/dalvikvm(  229): +++ not scanning '/system/lib/libwebcore.so' for 'nativeInit' (wrong CL)
D/dalvikvm(  229): +++ not scanning '/system/lib/libmedia_jni.so' for 'nativeInit' (wrong CL)
D/dalvikvm(  229): +++ not scanning '/system/lib/libexif.so' for 'nativeInit' (wrong CL)
I/global  (  229): Default buffer size used in BufferedReader constructor. It would be better to be explicit if an 8k-char buffer is required.
D/dalvikvm(  229): +++ not scanning '/system/lib/libwebcore.so' for 'updateStatTable' (wrong CL)
D/dalvikvm(  229): +++ not scanning '/system/lib/libmedia_jni.so' for 'updateStatTable' (wrong CL)
D/dalvikvm(  229): +++ not scanning '/system/lib/libexif.so' for 'updateStatTable' (wrong CL)
I/RhodesService(  229): Application hash was changed
W/ActivityManager(   53): No content provider found for: 
D/RhoFileApi(  229): App root path: /data/data/com.rhomobile.contact/rhodata/
D/RhoFileApi(  229): Sqlite journals path: /data/data/com.rhomobile.contact/sqlite_stmt_journals/
I/global  (  229): Default buffer size used in BufferedReader constructor. It would be better to be explicit if an 8k-char buffer is required.
W/webcore (  229): Can't get the viewWidth after the first layout
D/RhoFileApi(  229): Copy hash to FS
D/RhoFileApi(  229): File hash copied
D/dalvikvm(  229): +++ not scanning '/system/lib/libwebcore.so' for 'createRhodesApp' (wrong CL)
D/dalvikvm(  229): +++ not scanning '/system/lib/libmedia_jni.so' for 'createRhodesApp' (wrong CL)
D/dalvikvm(  229): +++ not scanning '/system/lib/libexif.so' for 'createRhodesApp' (wrong CL)
I/APP     (  229): I 06/13/2012 05:18:22:973 000000e5            RhodesApp| Trying to get free listening port.
I/APP     (  229): I 06/13/2012 05:18:22:978 000000e5            RhodesApp| Trying to bind of 0 port...
I/APP     (  229): I 06/13/2012 05:18:22:980 000000e5            RhodesApp| Got port to bind on: 38294
I/APP     (  229): I 06/13/2012 05:18:22:983 000000f1         AppCallbacks| Starting main routine...
I/APP     (  229): I 06/13/2012 05:18:22:985 000000f1         AppCallbacks| ThreadQueue blocked for 4294967295 seconds...
I/APP     (  229): I 06/13/2012 05:18:22:985 000000e5            RhodesApp| Free listening port: 38294
I/APP     (  229): I 06/13/2012 05:18:22:989 000000e5               Rhodes| Loading...
D/dalvikvm(  229): +++ not scanning '/system/lib/libwebcore.so' for 'nativeStart' (wrong CL)
D/dalvikvm(  229): +++ not scanning '/system/lib/libmedia_jni.so' for 'nativeStart' (wrong CL)
D/dalvikvm(  229): +++ not scanning '/system/lib/libexif.so' for 'nativeStart' (wrong CL)
D/dalvikvm(  229): +++ not scanning '/system/lib/libwebcore.so' for 'isExist' (wrong CL)
D/dalvikvm(  229): +++ not scanning '/system/lib/libmedia_jni.so' for 'isExist' (wrong CL)
D/dalvikvm(  229): +++ not scanning '/system/lib/libexif.so' for 'isExist' (wrong CL)
D/dalvikvm(  229): +++ not scanning '/system/lib/libwebcore.so' for 'D' (wrong CL)
D/dalvikvm(  229): +++ not scanning '/system/lib/libmedia_jni.so' for 'D' (wrong CL)
D/dalvikvm(  229): +++ not scanning '/system/lib/libexif.so' for 'D' (wrong CL)
I/APP     (  229): I 06/13/2012 05:18:23:081 000000e5        RhodesService| Push is disabled
D/dalvikvm(  229): +++ not scanning '/system/lib/libwebcore.so' for 'startRhodesApp' (wrong CL)
D/dalvikvm(  229): +++ not scanning '/system/lib/libmedia_jni.so' for 'startRhodesApp' (wrong CL)
D/dalvikvm(  229): +++ not scanning '/system/lib/libexif.so' for 'startRhodesApp' (wrong CL)
D/dalvikvm(  229): +++ not scanning '/system/lib/libwebcore.so' for 'callActivationCallback' (wrong CL)
D/dalvikvm(  229): +++ not scanning '/system/lib/libmedia_jni.so' for 'callActivationCallback' (wrong CL)
D/dalvikvm(  229): +++ not scanning '/system/lib/libexif.so' for 'callActivationCallback' (wrong CL)
I/APP     (  229): I 06/13/2012 05:18:23:083 000000e5            RhodesApp| callAppActiveCallback
I/APP     (  229): I 06/13/2012 05:18:23:083 000000e5         AppCallbacks| addCommand: APP-ACTIVATED
I/APP     (  229): I 06/13/2012 05:18:23:084 000000f1         AppCallbacks| Received command APP-ACTIVATED which is greater than expected (LOCAL-SERVER-STARTED) - postpone it
I/APP     (  229): I 06/13/2012 05:18:23:085 000000f1         AppCallbacks| ThreadQueue blocked for 4294967295 seconds...
I/APP     (  229): I 06/13/2012 05:18:23:088 000000e5         AppActivated| Cannot commit now, application will be activated when started.
I/APP     (  229): I 06/13/2012 05:18:23:089 000000e5            Undefined| Handlers have completed.
I/APP     (  229): I 06/13/2012 05:18:23:089 000000e5    RhodesApplication| New AppState: Undefined
I/APP     (  229): I 06/13/2012 05:18:23:094 000000f2            RhodesApp| Starting RhodesApp main routine...
D/RhodesService(  229): +++ onStartCommand
I/RhodesService(  229): handleCommand: startId=1, source=com.rhomobile.rhodes.BaseActivity
D/RhodesService(  229): New activity was created
D/dalvikvm(  229): +++ not scanning '/system/lib/libwebcore.so' for 'callUiCreatedCallback' (wrong CL)
D/dalvikvm(  229): +++ not scanning '/system/lib/libmedia_jni.so' for 'callUiCreatedCallback' (wrong CL)
D/dalvikvm(  229): +++ not scanning '/system/lib/libexif.so' for 'callUiCreatedCallback' (wrong CL)
I/APP     (  229): I 06/13/2012 05:18:23:126 000000e5         AppCallbacks| addCommand: UI-CREATED
I/APP     (  229): I 06/13/2012 05:18:23:127 000000f1         AppCallbacks| Received command UI-CREATED which is greater than expected (LOCAL-SERVER-STARTED) - postpone it
I/APP     (  229): I 06/13/2012 05:18:23:127 000000f1         AppCallbacks| ThreadQueue blocked for 4294967295 seconds...
I/APP     (  229): I 06/13/2012 05:18:23:211 000000e5       RhodesActivity| onServiceConnected: {com.rhomobile.contact/com.rhomobile.rhodes.RhodesService}
I/APP     (  229): I 06/13/2012 05:18:23:213 000000e5       RhodesActivity| New start parameters: 
D/dalvikvm(  229): +++ not scanning '/system/lib/libwebcore.so' for 'canStartApp' (wrong CL)
D/dalvikvm(  229): +++ not scanning '/system/lib/libmedia_jni.so' for 'canStartApp' (wrong CL)
D/dalvikvm(  229): +++ not scanning '/system/lib/libexif.so' for 'canStartApp' (wrong CL)
I/APP     (  229): I 06/13/2012 05:18:23:214 000000e5            RhodesApp| New start params: 
D/dalvikvm(  229): +++ not scanning '/system/lib/libwebcore.so' for 'getBool' (wrong CL)
D/dalvikvm(  229): +++ not scanning '/system/lib/libmedia_jni.so' for 'getBool' (wrong CL)
D/dalvikvm(  229): +++ not scanning '/system/lib/libexif.so' for 'getBool' (wrong CL)
I/APP     (  229): I 06/13/2012 05:18:23:569 000000f2              RhoRuby| Init_RhoBlobs: /data/data/com.rhomobile.contact/rhodata/db/db-files
I/APP     (  229): I 06/13/2012 05:18:23:633 000000f2              RhoRuby| require_compiled: rhoframework
I/APP     (  229): I 06/13/2012 05:18:23:697 000000f2              RhoRuby| require_compiled: rational
I/APP     (  229): I 06/13/2012 05:18:23:705 000000f2              RhoRuby| require_compiled: rhom/rhom_db_adapter
I/APP     (  229): I 06/13/2012 05:18:23:778 000000f2              RhoRuby| require_compiled: rhodes
I/APP     (  229): I 06/13/2012 05:18:23:793 000000f2              RhoRuby| require_compiled: rhom/rhom_object
I/APP     (  229): I 06/13/2012 05:18:23:802 000000f2              RhoRuby| require_compiled: rhofsconnector
I/APP     (  229): I 06/13/2012 05:18:23:819 000000f2              RhoRuby| require_compiled: rho/rhofsconnector
I/APP     (  229): I 06/13/2012 05:18:23:837 000000f2              RhoRuby| require_compiled: rhom/rhom_object_factory
D/dalvikvm(  229): GC freed 5446 objects / 388960 bytes in 48ms
I/APP     (  229): I 06/13/2012 05:18:24:215 000000f2              RhoRuby| require_compiled: rhom/rhom
I/APP     (  229): I 06/13/2012 05:18:24:263 000000f2              RhoRuby| require_compiled: rhom/rhom_model
I/APP     (  229): I 06/13/2012 05:18:24:290 000000f2              RhoRuby| require_compiled: rhom
I/APP     (  229): I 06/13/2012 05:18:24:293 000000f2              RhoRuby| require_compiled: rho/rhoapplication
I/APP     (  229): I 06/13/2012 05:18:24:316 000000f2              RhoRuby| require_compiled: rholang/localization_simplified
D/KeyguardViewMediator(   53): pokeWakelock(5000)
I/APP     (  229): I 06/13/2012 05:18:24:420 000000f2              RhoRuby| require_compiled: rho/rhomsg
I/APP     (  229): I 06/13/2012 05:18:24:437 000000f2              RhoRuby| require_compiled: rho/rhotabbar
I/APP     (  229): I 06/13/2012 05:18:24:468 000000f2              RhoRuby| require_compiled: rho/rhotoolbar
I/APP     (  229): I 06/13/2012 05:18:24:491 000000f2                  APP| Current locale: ; Country code: 
I/APP     (  229): I 06/13/2012 05:18:24:522 000000f2                  APP| Locilized file: /data/data/com.rhomobile.contact/rhodata/lib/rholang/lang_
I/APP     (  229): I 06/13/2012 05:18:24:537 000000f2              RhoRuby| require_compiled: /data/data/com.rhomobile.contact/rhodata/lib/rholang/lang_en
D/KeyguardViewMediator(   53): pokeWakelock(5000)
I/APP     (  229): I 06/13/2012 05:18:24:573 000000f2                  APP| Locilized file: /data/data/com.rhomobile.contact/rhodata/apps/app/lang/lang_
I/APP     (  229): I 06/13/2012 05:18:24:575 000000f2                  APP| Locilized file: /data/data/com.rhomobile.contact/rhodata/lib/rholang/rhoerror_
I/APP     (  229): I 06/13/2012 05:18:24:588 000000f2              RhoRuby| require_compiled: /data/data/com.rhomobile.contact/rhodata/lib/rholang/rhoerror_en
I/APP     (  229): I 06/13/2012 05:18:24:600 000000f2                  APP| Locilized file: /data/data/com.rhomobile.contact/rhodata/lib/rholang/rhomsg_
I/ActivityManager(   53): Displayed activity com.rhomobile.contact/com.rhomobile.rhodes.RhodesActivity: 3079 ms (total 22475 ms)
I/APP     (  229): I 06/13/2012 05:18:24:667 000000f2              RhoRuby| require_compiled: /data/data/com.rhomobile.contact/rhodata/lib/rholang/rhomsg_en
I/ARMAssembler(   53): generated scanline__00000177:03515104_00001A01_00000000 [ 73 ipp] (98 ins) at [0x3d3ff8:0x3d4180] in 4208346 ns
I/APP     (  229): I 06/13/2012 05:18:24:701 000000f2              RhoRuby| require_compiled: indifferent_access
I/APP     (  229): I 06/13/2012 05:18:24:874 000000f2              RhoRuby| require_compiled: rho/rhosupport
I/APP     (  229): I 06/13/2012 05:18:25:008 000000f2              RhoRuby| require_compiled: rho/rhocontroller
I/APP     (  229): I 06/13/2012 05:18:25:060 000000f2              RhoRuby| require_compiled: rho/render
I/APP     (  229): I 06/13/2012 05:18:25:110 000000f2              RhoRuby| require_compiled: rho/rho
I/APP     (  229): I 06/13/2012 05:18:25:239 000000f2              RhoRuby| require_compiled: rho/rhoerror
I/APP     (  229): I 06/13/2012 05:18:25:247 000000f2              RhoRuby| require_compiled: rhom/rhom_source
I/APP     (  229): I 06/13/2012 05:18:25:276 000000f2              RhoRuby| require_compiled: rho/rhoviewhelpers
I/APP     (  229): I 06/13/2012 05:18:25:296 000000f2              RhoRuby| require_compiled: rho
I/APP     (  229): I 06/13/2012 05:18:25:299 000000f2                  APP| RHO loaded
I/APP     (  229): I 06/13/2012 05:18:25:300 000000f2                  APP| Calling RHO.initialize
I/APP     (  229): I 06/13/2012 05:18:25:303 000000f2                  APP| model file: Location/location
I/APP     (  229): I 06/13/2012 05:18:25:305 000000f2                  APP| model file: Customer/customer
I/APP     (  229): I 06/13/2012 05:18:25:308 000000f2                   DB| Open DB: /data/data/com.rhomobile.contact/rhodata/db/syncdbuser.sqlite
I/APP     (  229): I 06/13/2012 05:18:25:316 000000f2          GeoLocation| Creating singleton instance.
I/APP     (  229): I 06/13/2012 05:18:25:317 000000f2            RhodesApp| Starting sync engine...
I/APP     (  229): I 06/13/2012 05:18:25:318 000000f2                 Sync| sync_poll_interval: 0
I/APP     (  229): I 06/13/2012 05:18:25:319 000000f2                 Sync| syncserver: http://192.168.0.159:9292/application
I/APP     (  229): I 06/13/2012 05:18:25:320 000000f2                 Sync| bulksync_state: 0
I/APP     (  229): I 06/13/2012 05:18:25:321 000000f2            RhodesApp| RhoRubyInitApp...
I/APP     (  229): I 06/13/2012 05:18:25:323 000000f2                  APP| init_app
I/APP     (  229): I 06/13/2012 05:18:25:325 000000f2              RhoRuby| require_compiled: application
I/APP     (  229): I 06/13/2012 05:18:25:329 000000f4                 Sync| Starting main routine...
I/APP     (  229): I 06/13/2012 05:18:25:333 000000f2                  APP| on_reinstall_config_update: {"LogToOutput"=>["0", "1"]}
I/APP     (  229): I 06/13/2012 05:18:25:342 000000f2           HttpServer| Start HTTP server
I/APP     (  229): I 06/13/2012 05:18:25:343 000000f2           HttpServer| Listen for connections on port 38294
I/APP     (  229): I 06/13/2012 05:18:25:347 000000f2         AppCallbacks| addCommand: LOCAL-SERVER-STARTED
I/APP     (  229): I 06/13/2012 05:18:25:348 000000f1         AppCallbacks| process command: LOCAL-SERVER-STARTED
I/APP     (  229): I 06/13/2012 05:18:25:349 000000f1           AppStarted| Handlers have completed.
I/APP     (  229): I 06/13/2012 05:18:25:350 000000f1         AppActivated| Handlers have completed.
I/APP     (  229): I 06/13/2012 05:18:25:350 000000f1    RhodesApplication| New AppState: AppActivated
I/APP     (  229): I 06/13/2012 05:18:25:350 000000f1         AppCallbacks| process command: UI-CREATED
I/APP     (  229): I 06/13/2012 05:18:25:379 000000f2           HttpServer| Process URI: '/system/uicreated'
I/APP     (  229): I 06/13/2012 05:18:25:382 000000f2                  APP| on_ui_created.navigate to start url: '/app'
D/SplashScreen(  229): navigate: url=http://localhost:38294/app
D/dalvikvm(  229): +++ not scanning '/system/lib/libwebcore.so' for 'howLongWaitMs' (wrong CL)
D/dalvikvm(  229): +++ not scanning '/system/lib/libmedia_jni.so' for 'howLongWaitMs' (wrong CL)
D/dalvikvm(  229): +++ not scanning '/system/lib/libexif.so' for 'howLongWaitMs' (wrong CL)
V/SplashScreen(  229): ms[1339564705397] DELAY for SplashScreen = 0
V/SimpleMainView(  229): ms[1339564705403] processForNativeView : [http://localhost:38294/app]
D/dalvikvm(  229): +++ not scanning '/system/lib/libwebcore.so' for 'getFactoryHandleByViewType' (wrong CL)
D/dalvikvm(  229): +++ not scanning '/system/lib/libmedia_jni.so' for 'getFactoryHandleByViewType' (wrong CL)
D/dalvikvm(  229): +++ not scanning '/system/lib/libexif.so' for 'getFactoryHandleByViewType' (wrong CL)
I/APP     (  229): I 06/13/2012 05:18:25:405 000000e5       SimpleMainView| Cleared URL: http://localhost:38294/app
I/APP     (  229): I 06/13/2012 05:18:25:421 000000f1         AppCallbacks| process command: APP-ACTIVATED
V/SimpleMainView.View(  229): ms[1339564705433]  Main Window :: onSizeChanged() old [ 480 x 762 ]  new [ 0 x 0 ]
I/APP     (  229): I 06/13/2012 05:18:25:448 000000f4                 Sync| ThreadQueue blocked for 10 seconds...
I/APP     (  229): I 06/13/2012 05:18:25:511 000000f2           HttpServer| Process URI: '/system/activateapp'
I/APP     (  229): I 06/13/2012 05:18:25:514 000000f1         AppCallbacks| ThreadQueue blocked for 4294967295 seconds...
I/APP     (  229): I 06/13/2012 05:18:25:524 000000f2           HttpServer| Process URI: '/app'
I/APP     (  229): I 06/13/2012 05:18:25:562 000000e5     RhoWebViewClient| Loading URL: http://localhost:38294/app/index_erb.iseq
I/APP     (  229): I 06/13/2012 05:18:25:583 000000f2           HttpServer| Process URI: '/app/index_erb.iseq'
I/APP     (  229): I 06/13/2012 05:18:25:588 000000f2                  APP| RHO serve_index: /app/index_erb.iseq
I/APP     (  229): I 06/13/2012 05:18:25:606 000000f2 RHO Rho::RhoController| inst_render_index
I/APP     (  229): I 06/13/2012 05:18:25:621 000000f2 RHO Rho::RhoController| index layout
I/APP     (  229): I 06/13/2012 05:18:25:721 000000f2           HttpServer| Process URI: '/public/css/webkit.css'
I/APP     (  229): I 06/13/2012 05:18:25:746 000000f2           HttpServer| Process URI: '/public/css/android.css'
I/APP     (  229): I 06/13/2012 05:18:30:350 000000e5     RhoWebViewClient| Loading URL: http://localhost:38294/app/Customer
I/APP     (  229): I 06/13/2012 05:18:30:362 000000f2           HttpServer| Process URI: '/app/Customer'
I/APP     (  229): I 06/13/2012 05:18:30:364 000000f2                  APP| RHO serve: /app/Customer
I/APP     (  229): I 06/13/2012 05:18:30:368 000000f2              RhoRuby| require_compiled: Customer/customer_controller
I/APP     (  229): I 06/13/2012 05:18:30:406 000000f2              RhoRuby| require_compiled: helpers/browser_helper
I/APP     (  229): I 06/13/2012 05:18:30:427 000000f2                  APP| const_missing: Customer
I/APP     (  229): I 06/13/2012 05:18:30:428 000000f2                  APP| load_model: Customer
I/APP     (  229): I 06/13/2012 05:18:30:439 000000f2              RhoRuby| require_compiled: Customer/customer
I/APP     (  229): I 06/13/2012 05:18:30:443 000000f2                  APP| model name: Customer
I/APP     (  229): I 06/13/2012 05:18:30:444 000000f2                  APP| model class found
I/APP     (  229): I 06/13/2012 05:18:30:445 000000f2                  APP| Customer : {"property"=>{}}
I/APP     (  229): I 06/13/2012 05:18:30:448 000000f2                   DB| Open DB: /data/data/com.rhomobile.contact/rhodata/db/syncdblocal.sqlite
I/APP     (  229): I 06/13/2012 05:18:30:453 000000f2                  APP| init_db_sources
I/APP     (  229): I 06/13/2012 05:18:30:461 000000f2                  APP| start_id: 40005
I/APP     (  229): I 06/13/2012 05:18:30:471 000000f2                  APP| Migrate schema sources: {}
I/APP     (  229): I 06/13/2012 05:18:30:517 000000f2 RHO CustomerController| Layout file: /data/data/com.rhomobile.contact/rhodata/apps/app/layout_erb.iseq. Content size: 2188
D/dalvikvm(  229): GC freed 2518 objects / 642000 bytes in 60ms
D/webviewglue(  229): nativeDestroy view: 0xba370
E/webcoreglue(  229): The real object has been deleted
I/APP     (  229): I 06/13/2012 05:18:35:453 000000f4                 Sync| addCommand: SyncAll
I/APP     (  229): I 06/13/2012 05:18:35:465 000000f2           HttpServer| Process URI: '/system/loadallsyncsources'
I/APP     (  229): I 06/13/2012 05:18:35:466 000000f2                  APP| load_all_sync_sources
I/APP     (  229): I 06/13/2012 05:18:35:466 000000f2                  APP| load_model: Location
I/APP     (  229): I 06/13/2012 05:18:35:475 000000f2              RhoRuby| require_compiled: Location/location
I/APP     (  229): I 06/13/2012 05:18:35:481 000000f2                  APP| model name: Location
I/APP     (  229): I 06/13/2012 05:18:35:482 000000f2                  APP| model class found
I/APP     (  229): I 06/13/2012 05:18:35:483 000000f2                  APP| Location : {"property"=>{}}
I/APP     (  229): I 06/13/2012 05:18:35:484 000000f2                  APP| init_sources: 
I/APP     (  229): I 06/13/2012 05:18:35:487 000000f2                  APP| @db_partitions : {"user"=>#<Rhom::RhomDbAdapter:0x46fec378 @database=#<SQLite3::Database:0x46fec360>>, "local"=>#<Rhom::RhomDbAdapter:0x46fee1f0 @database=#<SQLite3::Database:0x46fee1d8>>}
I/APP     (  229): I 06/13/2012 05:18:35:489 000000f2                  APP| init_db_sources
I/APP     (  229): I 06/13/2012 05:18:35:491 000000f2                  APP| start_id: 4
I/APP     (  229): I 06/13/2012 05:18:35:493 000000f2                  APP| init_db_sources
I/APP     (  229): I 06/13/2012 05:18:35:494 000000f2                  APP| start_id: 40005
I/APP     (  229): I 06/13/2012 05:18:35:500 000000f2                  APP| Migrate schema sources: {}
I/APP     (  229): I 06/13/2012 05:18:35:502 000000f2                  APP| init_schema_sources
I/APP     (  229): I 06/13/2012 05:18:35:508 000000f2                  APP| END init_schema_sources
I/APP     (  229): I 06/13/2012 05:18:35:522 000000f4                 Sync| Sync server changes source ID :3
I/APP     (  229): I 06/13/2012 05:18:35:527 000000f4                 Sync| Pull changes from server. Url: http://192.168.0.159:9292/application?client_id=e77b7d5eda884862b021d879a83159fd&p_size=2000&version=3&source_name=Customer
I/APP     (  229): I 06/13/2012 05:18:35:530 000000f4                  Net| GET request (Pull): http://192.168.0.159:9292/application?client_id=e77b7d5eda884862b021d879a83159fd&p_size=2000&version=3&source_name=Customer
I/APP     (  229): E 06/13/2012 05:18:35:537 000000f4                  Net| Operation finished with error 7: Couldn't connect to server
I/APP     (  229): E 06/13/2012 05:18:35:538 000000f4                  Net|   CURLNetRequest: METHOD = [GET] URL = [http://192.168.0.159:9292/application?client_id=e77b7d5eda884862b021d879a83159fd&p_size=2000&version=3&source_name=Customer] BODY = []
D/dalvikvm(  229): +++ not scanning '/system/lib/libwebcore.so' for 'E' (wrong CL)
D/dalvikvm(  229): +++ not scanning '/system/lib/libmedia_jni.so' for 'E' (wrong CL)
D/dalvikvm(  229): +++ not scanning '/system/lib/libexif.so' for 'E' (wrong CL)
I/APP     (  229): E 06/13/2012 05:18:35:551 000000f4        RhodesService| PING network FAILED.
I/APP     (  229): I 06/13/2012 05:18:35:559 000000f4                 Sync| ThreadQueue blocked for 300 seconds...
W/KeyCharacterMap(  229): No keyboard for id 0
W/KeyCharacterMap(  229): Using default keymap: /system/usr/keychars/qwerty.kcm.bin
D/dalvikvm(  229): +++ not scanning '/system/lib/libwebcore.so' for 'navigateBack' (wrong CL)
D/dalvikvm(  229): +++ not scanning '/system/lib/libmedia_jni.so' for 'navigateBack' (wrong CL)
D/dalvikvm(  229): +++ not scanning '/system/lib/libexif.so' for 'navigateBack' (wrong CL)
D/dalvikvm(  229): +++ not scanning '/system/lib/libwebcore.so' for 'isOnStartPage' (wrong CL)
D/dalvikvm(  229): +++ not scanning '/system/lib/libmedia_jni.so' for 'isOnStartPage' (wrong CL)
D/dalvikvm(  229): +++ not scanning '/system/lib/libexif.so' for 'isOnStartPage' (wrong CL)
I/APP     (  229): I 06/13/2012 05:20:28:388 000000f2           HttpServer| Process URI: '/app/index_erb.iseq'
I/APP     (  229): I 06/13/2012 05:20:28:391 000000f2                  APP| RHO serve_index: /app/index_erb.iseq
I/APP     (  229): I 06/13/2012 05:20:28:391 000000f2 RHO Rho::RhoController| inst_render_index
I/APP     (  229): I 06/13/2012 05:20:28:408 000000f2 RHO Rho::RhoController| index layout
I/APP     (  229): I 06/13/2012 05:20:32:921 000000e5     RhoWebViewClient| Loading URL: http://localhost:38294/app/Location
I/APP     (  229): I 06/13/2012 05:20:32:947 000000f2           HttpServer| Process URI: '/app/Location'
I/APP     (  229): I 06/13/2012 05:20:32:948 000000f2                  APP| RHO serve: /app/Location
I/APP     (  229): I 06/13/2012 05:20:32:950 000000f2              RhoRuby| require_compiled: Location/location_controller
I/APP     (  229): I 06/13/2012 05:20:33:001 000000f2 RHO LocationController| Layout file: /data/data/com.rhomobile.contact/rhodata/apps/app/layout_erb.iseq. Content size: 797
I/APP     (  229): I 06/13/2012 05:23:35:561 000000f4                 Sync| addCommand: SyncAll
I/APP     (  229): I 06/13/2012 05:23:35:573 000000f2           HttpServer| Process URI: '/system/loadallsyncsources'
I/APP     (  229): I 06/13/2012 05:23:35:592 000000f4                 Sync| Sync server changes source ID :3
I/APP     (  229): I 06/13/2012 05:23:35:593 000000f4                 Sync| Pull changes from server. Url: http://192.168.0.159:9292/application?client_id=e77b7d5eda884862b021d879a83159fd&p_size=2000&version=3&source_name=Customer
I/APP     (  229): I 06/13/2012 05:23:35:595 000000f4                  Net| GET request (Pull): http://192.168.0.159:9292/application?client_id=e77b7d5eda884862b021d879a83159fd&p_size=2000&version=3&source_name=Customer
I/APP     (  229): E 06/13/2012 05:23:35:598 000000f4                  Net| Operation finished with error 7: Couldn't connect to server
I/APP     (  229): E 06/13/2012 05:23:35:599 000000f4                  Net|   CURLNetRequest: METHOD = [GET] URL = [http://192.168.0.159:9292/application?client_id=e77b7d5eda884862b021d879a83159fd&p_size=2000&version=3&source_name=Customer] BODY = []
I/APP     (  229): E 06/13/2012 05:23:35:604 000000f4        RhodesService| PING network FAILED.
I/APP     (  229): I 06/13/2012 05:23:35:612 000000f4                 Sync| ThreadQueue blocked for 300 seconds...
I/APP     (  229): I 06/13/2012 05:28:35:614 000000f4                 Sync| addCommand: SyncAll
I/APP     (  229): I 06/13/2012 05:28:35:622 000000f2           HttpServer| Process URI: '/system/loadallsyncsources'
I/APP     (  229): I 06/13/2012 05:28:35:642 000000f4                 Sync| Sync server changes source ID :3
I/APP     (  229): I 06/13/2012 05:28:35:643 000000f4                 Sync| Pull changes from server. Url: http://192.168.0.159:9292/application?client_id=e77b7d5eda884862b021d879a83159fd&p_size=2000&version=3&source_name=Customer
I/APP     (  229): I 06/13/2012 05:28:35:645 000000f4                  Net| GET request (Pull): http://192.168.0.159:9292/application?client_id=e77b7d5eda884862b021d879a83159fd&p_size=2000&version=3&source_name=Customer
I/APP     (  229): E 06/13/2012 05:28:35:648 000000f4                  Net| Operation finished with error 7: Couldn't connect to server
I/APP     (  229): E 06/13/2012 05:28:35:649 000000f4                  Net|   CURLNetRequest: METHOD = [GET] URL = [http://192.168.0.159:9292/application?client_id=e77b7d5eda884862b021d879a83159fd&p_size=2000&version=3&source_name=Customer] BODY = []
I/APP     (  229): E 06/13/2012 05:28:35:654 000000f4        RhodesService| PING network FAILED.
I/APP     (  229): I 06/13/2012 05:28:35:660 000000f4                 Sync| ThreadQueue blocked for 300 seconds...
I/APP     (  229): I 06/13/2012 05:33:35:662 000000f4                 Sync| addCommand: SyncAll
I/APP     (  229): I 06/13/2012 05:33:35:671 000000f2           HttpServer| Process URI: '/system/loadallsyncsources'
I/APP     (  229): I 06/13/2012 05:33:35:692 000000f4                 Sync| Sync server changes source ID :3
I/APP     (  229): I 06/13/2012 05:33:35:693 000000f4                 Sync| Pull changes from server. Url: http://192.168.0.159:9292/application?client_id=e77b7d5eda884862b021d879a83159fd&p_size=2000&version=3&source_name=Customer
I/APP     (  229): I 06/13/2012 05:33:35:695 000000f4                  Net| GET request (Pull): http://192.168.0.159:9292/application?client_id=e77b7d5eda884862b021d879a83159fd&p_size=2000&version=3&source_name=Customer
I/APP     (  229): E 06/13/2012 05:33:35:698 000000f4                  Net| Operation finished with error 7: Couldn't connect to server
I/APP     (  229): E 06/13/2012 05:33:35:699 000000f4                  Net|   CURLNetRequest: METHOD = [GET] URL = [http://192.168.0.159:9292/application?client_id=e77b7d5eda884862b021d879a83159fd&p_size=2000&version=3&source_name=Customer] BODY = []
I/APP     (  229): E 06/13/2012 05:33:35:704 000000f4        RhodesService| PING network FAILED.
I/APP     (  229): I 06/13/2012 05:33:35:711 000000f4                 Sync| ThreadQueue blocked for 300 seconds...
I/APP     (  229): I 06/13/2012 05:38:35:714 000000f4                 Sync| addCommand: SyncAll
I/APP     (  229): I 06/13/2012 05:38:35:725 000000f2           HttpServer| Process URI: '/system/loadallsyncsources'
I/APP     (  229): I 06/13/2012 05:38:35:747 000000f4                 Sync| Sync server changes source ID :3
I/APP     (  229): I 06/13/2012 05:38:35:748 000000f4                 Sync| Pull changes from server. Url: http://192.168.0.159:9292/application?client_id=e77b7d5eda884862b021d879a83159fd&p_size=2000&version=3&source_name=Customer
I/APP     (  229): I 06/13/2012 05:38:35:751 000000f4                  Net| GET request (Pull): http://192.168.0.159:9292/application?client_id=e77b7d5eda884862b021d879a83159fd&p_size=2000&version=3&source_name=Customer
I/APP     (  229): E 06/13/2012 05:38:35:754 000000f4                  Net| Operation finished with error 7: Couldn't connect to server
I/APP     (  229): E 06/13/2012 05:38:35:754 000000f4                  Net|   CURLNetRequest: METHOD = [GET] URL = [http://192.168.0.159:9292/application?client_id=e77b7d5eda884862b021d879a83159fd&p_size=2000&version=3&source_name=Customer] BODY = []
I/APP     (  229): E 06/13/2012 05:38:35:760 000000f4        RhodesService| PING network FAILED.
I/APP     (  229): I 06/13/2012 05:38:35:767 000000f4                 Sync| ThreadQueue blocked for 300 seconds...
I/APP     (  229): I 06/13/2012 05:43:35:770 000000f4                 Sync| addCommand: SyncAll
I/APP     (  229): I 06/13/2012 05:43:35:781 000000f2           HttpServer| Process URI: '/system/loadallsyncsources'
I/APP     (  229): I 06/13/2012 05:43:35:804 000000f4                 Sync| Sync server changes source ID :3
I/APP     (  229): I 06/13/2012 05:43:35:805 000000f4                 Sync| Pull changes from server. Url: http://192.168.0.159:9292/application?client_id=e77b7d5eda884862b021d879a83159fd&p_size=2000&version=3&source_name=Customer
I/APP     (  229): I 06/13/2012 05:43:35:808 000000f4                  Net| GET request (Pull): http://192.168.0.159:9292/application?client_id=e77b7d5eda884862b021d879a83159fd&p_size=2000&version=3&source_name=Customer
I/APP     (  229): E 06/13/2012 05:43:35:811 000000f4                  Net| Operation finished with error 7: Couldn't connect to server
I/APP     (  229): E 06/13/2012 05:43:35:812 000000f4                  Net|   CURLNetRequest: METHOD = [GET] URL = [http://192.168.0.159:9292/application?client_id=e77b7d5eda884862b021d879a83159fd&p_size=2000&version=3&source_name=Customer] BODY = []
I/APP     (  229): E 06/13/2012 05:43:35:817 000000f4        RhodesService| PING network FAILED.
I/APP     (  229): I 06/13/2012 05:43:35:823 000000f4                 Sync| ThreadQueue blocked for 300 seconds...
I/APP     (  229): I 06/13/2012 05:48:35:825 000000f4                 Sync| addCommand: SyncAll
I/APP     (  229): I 06/13/2012 05:48:35:838 000000f2           HttpServer| Process URI: '/system/loadallsyncsources'
I/APP     (  229): I 06/13/2012 05:48:35:856 000000f4                 Sync| Sync server changes source ID :3
I/APP     (  229): I 06/13/2012 05:48:35:858 000000f4                 Sync| Pull changes from server. Url: http://192.168.0.159:9292/application?client_id=e77b7d5eda884862b021d879a83159fd&p_size=2000&version=3&source_name=Customer
I/APP     (  229): I 06/13/2012 05:48:35:860 000000f4                  Net| GET request (Pull): http://192.168.0.159:9292/application?client_id=e77b7d5eda884862b021d879a83159fd&p_size=2000&version=3&source_name=Customer
I/APP     (  229): E 06/13/2012 05:48:35:862 000000f4                  Net| Operation finished with error 7: Couldn't connect to server
I/APP     (  229): E 06/13/2012 05:48:35:863 000000f4                  Net|   CURLNetRequest: METHOD = [GET] URL = [http://192.168.0.159:9292/application?client_id=e77b7d5eda884862b021d879a83159fd&p_size=2000&version=3&source_name=Customer] BODY = []
I/APP     (  229): E 06/13/2012 05:48:35:870 000000f4        RhodesService| PING network FAILED.
I/APP     (  229): I 06/13/2012 05:48:35:877 000000f4                 Sync| ThreadQueue blocked for 300 seconds...
I/APP     (  229): I 06/13/2012 05:53:35:879 000000f4                 Sync| addCommand: SyncAll
I/APP     (  229): I 06/13/2012 05:53:35:889 000000f2           HttpServer| Process URI: '/system/loadallsyncsources'
I/APP     (  229): I 06/13/2012 05:53:35:913 000000f4                 Sync| Sync server changes source ID :3
I/APP     (  229): I 06/13/2012 05:53:35:915 000000f4                 Sync| Pull changes from server. Url: http://192.168.0.159:9292/application?client_id=e77b7d5eda884862b021d879a83159fd&p_size=2000&version=3&source_name=Customer
I/APP     (  229): I 06/13/2012 05:53:35:917 000000f4                  Net| GET request (Pull): http://192.168.0.159:9292/application?client_id=e77b7d5eda884862b021d879a83159fd&p_size=2000&version=3&source_name=Customer
I/APP     (  229): E 06/13/2012 05:53:35:920 000000f4                  Net| Operation finished with error 7: Couldn't connect to server
I/APP     (  229): E 06/13/2012 05:53:35:921 000000f4                  Net|   CURLNetRequest: METHOD = [GET] URL = [http://192.168.0.159:9292/application?client_id=e77b7d5eda884862b021d879a83159fd&p_size=2000&version=3&source_name=Customer] BODY = []
I/APP     (  229): E 06/13/2012 05:53:35:925 000000f4        RhodesService| PING network FAILED.
I/APP     (  229): I 06/13/2012 05:53:35:932 000000f4                 Sync| ThreadQueue blocked for 300 seconds...
I/APP     (  229): I 06/13/2012 05:58:35:935 000000f4                 Sync| addCommand: SyncAll
I/APP     (  229): I 06/13/2012 05:58:35:945 000000f2           HttpServer| Process URI: '/system/loadallsyncsources'
I/APP     (  229): I 06/13/2012 05:58:35:964 000000f4                 Sync| Sync server changes source ID :3
I/APP     (  229): I 06/13/2012 05:58:35:966 000000f4                 Sync| Pull changes from server. Url: http://192.168.0.159:9292/application?client_id=e77b7d5eda884862b021d879a83159fd&p_size=2000&version=3&source_name=Customer
I/APP     (  229): I 06/13/2012 05:58:35:968 000000f4                  Net| GET request (Pull): http://192.168.0.159:9292/application?client_id=e77b7d5eda884862b021d879a83159fd&p_size=2000&version=3&source_name=Customer
I/APP     (  229): E 06/13/2012 05:58:35:971 000000f4                  Net| Operation finished with error 7: Couldn't connect to server
I/APP     (  229): E 06/13/2012 05:58:35:971 000000f4                  Net|   CURLNetRequest: METHOD = [GET] URL = [http://192.168.0.159:9292/application?client_id=e77b7d5eda884862b021d879a83159fd&p_size=2000&version=3&source_name=Customer] BODY = []
I/APP     (  229): E 06/13/2012 05:58:35:977 000000f4        RhodesService| PING network FAILED.
I/APP     (  229): I 06/13/2012 05:58:35:983 000000f4                 Sync| ThreadQueue blocked for 300 seconds...
I/APP     (  229): I 06/13/2012 06:03:35:985 000000f4                 Sync| addCommand: SyncAll
I/APP     (  229): I 06/13/2012 06:03:35:995 000000f2           HttpServer| Process URI: '/system/loadallsyncsources'
I/APP     (  229): I 06/13/2012 06:03:36:021 000000f4                 Sync| Sync server changes source ID :3
I/APP     (  229): I 06/13/2012 06:03:36:023 000000f4                 Sync| Pull changes from server. Url: http://192.168.0.159:9292/application?client_id=e77b7d5eda884862b021d879a83159fd&p_size=2000&version=3&source_name=Customer
I/APP     (  229): I 06/13/2012 06:03:36:025 000000f4                  Net| GET request (Pull): http://192.168.0.159:9292/application?client_id=e77b7d5eda884862b021d879a83159fd&p_size=2000&version=3&source_name=Customer
I/APP     (  229): E 06/13/2012 06:03:36:028 000000f4                  Net| Operation finished with error 7: Couldn't connect to server
I/APP     (  229): E 06/13/2012 06:03:36:029 000000f4                  Net|   CURLNetRequest: METHOD = [GET] URL = [http://192.168.0.159:9292/application?client_id=e77b7d5eda884862b021d879a83159fd&p_size=2000&version=3&source_name=Customer] BODY = []
I/APP     (  229): E 06/13/2012 06:03:36:034 000000f4        RhodesService| PING network FAILED.
I/APP     (  229): I 06/13/2012 06:03:36:040 000000f4                 Sync| ThreadQueue blocked for 300 seconds...
I/APP     (  229): I 06/13/2012 06:08:36:042 000000f4                 Sync| addCommand: SyncAll
I/APP     (  229): I 06/13/2012 06:08:36:052 000000f2           HttpServer| Process URI: '/system/loadallsyncsources'
I/APP     (  229): I 06/13/2012 06:08:36:072 000000f4                 Sync| Sync server changes source ID :3
I/APP     (  229): I 06/13/2012 06:08:36:073 000000f4                 Sync| Pull changes from server. Url: http://192.168.0.159:9292/application?client_id=e77b7d5eda884862b021d879a83159fd&p_size=2000&version=3&source_name=Customer
I/APP     (  229): I 06/13/2012 06:08:36:076 000000f4                  Net| GET request (Pull): http://192.168.0.159:9292/application?client_id=e77b7d5eda884862b021d879a83159fd&p_size=2000&version=3&source_name=Customer
I/APP     (  229): E 06/13/2012 06:08:36:079 000000f4                  Net| Operation finished with error 7: Couldn't connect to server
I/APP     (  229): E 06/13/2012 06:08:36:080 000000f4                  Net|   CURLNetRequest: METHOD = [GET] URL = [http://192.168.0.159:9292/application?client_id=e77b7d5eda884862b021d879a83159fd&p_size=2000&version=3&source_name=Customer] BODY = []
I/APP     (  229): E 06/13/2012 06:08:36:084 000000f4        RhodesService| PING network FAILED.
I/APP     (  229): I 06/13/2012 06:08:36:091 000000f4                 Sync| ThreadQueue blocked for 300 seconds...
I/APP     (  229): I 06/13/2012 06:13:36:094 000000f4                 Sync| addCommand: SyncAll
I/APP     (  229): I 06/13/2012 06:13:36:107 000000f2           HttpServer| Process URI: '/system/loadallsyncsources'
I/APP     (  229): I 06/13/2012 06:13:36:129 000000f4                 Sync| Sync server changes source ID :3
I/APP     (  229): I 06/13/2012 06:13:36:130 000000f4                 Sync| Pull changes from server. Url: http://192.168.0.159:9292/application?client_id=e77b7d5eda884862b021d879a83159fd&p_size=2000&version=3&source_name=Customer
I/APP     (  229): I 06/13/2012 06:13:36:132 000000f4                  Net| GET request (Pull): http://192.168.0.159:9292/application?client_id=e77b7d5eda884862b021d879a83159fd&p_size=2000&version=3&source_name=Customer
I/APP     (  229): E 06/13/2012 06:13:36:134 000000f4                  Net| Operation finished with error 7: Couldn't connect to server
I/APP     (  229): E 06/13/2012 06:13:36:135 000000f4                  Net|   CURLNetRequest: METHOD = [GET] URL = [http://192.168.0.159:9292/application?client_id=e77b7d5eda884862b021d879a83159fd&p_size=2000&version=3&source_name=Customer] BODY = []
I/APP     (  229): E 06/13/2012 06:13:36:140 000000f4        RhodesService| PING network FAILED.
I/APP     (  229): I 06/13/2012 06:13:36:147 000000f4                 Sync| ThreadQueue blocked for 300 seconds...
D/dalvikvm(   53): GC freed 32306 objects / 1555456 bytes in 100ms
I/APP     (  229): I 06/13/2012 06:18:36:149 000000f4                 Sync| addCommand: SyncAll
I/APP     (  229): I 06/13/2012 06:18:36:154 000000f2           HttpServer| Process URI: '/system/loadallsyncsources'
I/APP     (  229): I 06/13/2012 06:18:36:175 000000f4                 Sync| Sync server changes source ID :3
I/APP     (  229): I 06/13/2012 06:18:36:177 000000f4                 Sync| Pull changes from server. Url: http://192.168.0.159:9292/application?client_id=e77b7d5eda884862b021d879a83159fd&p_size=2000&version=3&source_name=Customer
I/APP     (  229): I 06/13/2012 06:18:36:178 000000f4                  Net| GET request (Pull): http://192.168.0.159:9292/application?client_id=e77b7d5eda884862b021d879a83159fd&p_size=2000&version=3&source_name=Customer
I/APP     (  229): E 06/13/2012 06:18:36:182 000000f4                  Net| Operation finished with error 7: Couldn't connect to server
I/APP     (  229): E 06/13/2012 06:18:36:183 000000f4                  Net|   CURLNetRequest: METHOD = [GET] URL = [http://192.168.0.159:9292/application?client_id=e77b7d5eda884862b021d879a83159fd&p_size=2000&version=3&source_name=Customer] BODY = []
I/APP     (  229): E 06/13/2012 06:18:36:189 000000f4        RhodesService| PING network FAILED.
I/APP     (  229): I 06/13/2012 06:18:36:195 000000f4                 Sync| ThreadQueue blocked for 300 seconds...
I/APP     (  229): I 06/13/2012 06:23:36:198 000000f4                 Sync| addCommand: SyncAll
I/APP     (  229): I 06/13/2012 06:23:36:209 000000f2           HttpServer| Process URI: '/system/loadallsyncsources'
I/APP     (  229): I 06/13/2012 06:23:36:228 000000f4                 Sync| Sync server changes source ID :3
I/APP     (  229): I 06/13/2012 06:23:36:229 000000f4                 Sync| Pull changes from server. Url: http://192.168.0.159:9292/application?client_id=e77b7d5eda884862b021d879a83159fd&p_size=2000&version=3&source_name=Customer
I/APP     (  229): I 06/13/2012 06:23:36:231 000000f4                  Net| GET request (Pull): http://192.168.0.159:9292/application?client_id=e77b7d5eda884862b021d879a83159fd&p_size=2000&version=3&source_name=Customer
I/APP     (  229): E 06/13/2012 06:23:36:234 000000f4                  Net| Operation finished with error 7: Couldn't connect to server
I/APP     (  229): E 06/13/2012 06:23:36:235 000000f4                  Net|   CURLNetRequest: METHOD = [GET] URL = [http://192.168.0.159:9292/application?client_id=e77b7d5eda884862b021d879a83159fd&p_size=2000&version=3&source_name=Customer] BODY = []
I/APP     (  229): E 06/13/2012 06:23:36:240 000000f4        RhodesService| PING network FAILED.
I/APP     (  229): I 06/13/2012 06:23:36:246 000000f4                 Sync| ThreadQueue blocked for 300 seconds...
D/dalvikvm(   92): GC freed 12404 objects / 576072 bytes in 90ms
I/APP     (  229): I 06/13/2012 06:28:36:249 000000f4                 Sync| addCommand: SyncAll
I/APP     (  229): I 06/13/2012 06:28:36:258 000000f2           HttpServer| Process URI: '/system/loadallsyncsources'
I/APP     (  229): I 06/13/2012 06:28:36:278 000000f4                 Sync| Sync server changes source ID :3
I/APP     (  229): I 06/13/2012 06:28:36:279 000000f4                 Sync| Pull changes from server. Url: http://192.168.0.159:9292/application?client_id=e77b7d5eda884862b021d879a83159fd&p_size=2000&version=3&source_name=Customer
I/APP     (  229): I 06/13/2012 06:28:36:281 000000f4                  Net| GET request (Pull): http://192.168.0.159:9292/application?client_id=e77b7d5eda884862b021d879a83159fd&p_size=2000&version=3&source_name=Customer
I/APP     (  229): E 06/13/2012 06:28:36:284 000000f4                  Net| Operation finished with error 7: Couldn't connect to server
